<html>
<body>
<pre>
<h1>µVision Build Log</h1>
<h2>Tool Versions:</h2>
IDE-Version: ¦ÌVision V5.14.0.0
Copyright (C) 2015 ARM Ltd and ARM Germany GmbH. All rights reserved.
License Information: Hali Administrator, FDI, LIC=----
 
Tool Versions:
Toolchain:       MDK-Lite  Version: 5.14.0.0
Toolchain Path:  C:\Keil_v5\ARM\ARMCC\Bin
C Compiler:      Armcc.exe V5.05 update 1 (build 106)
Assembler:       Armasm.exe V5.05 update 1 (build 106)
Linker/Locator:  ArmLink.exe V5.05 update 1 (build 106)
Library Manager: ArmAr.exe V5.05 update 1 (build 106)
Hex Converter:   FromElf.exe V5.05 update 1 (build 106)
CPU DLL:         SARMCM3.DLL V5.14.0.0
Dialog DLL:      DARMSTM.DLL V1.65.0.0
Target DLL:      CMSIS_AGDI.dll V1.21.0.0
Dialog DLL:      TARMSTM.DLL V1.64.0.0
 
<h2>Project:</h2>
E:\DRV8825_HAL_test_soft\DRV8825_HAL_RS232_TIM4_20180305_issus_5.02_optimize\DRV8825_HAL_RS232_TIM4_20180305_issus_5.02_optimize\MDK-ARM\optimize_TIM4_510_edit.uvprojx
Project File Date:  03/04/2018

<h2>Output:</h2>
Build target 'ISSUS_2'
compiling main.c...
linking...
Program Size: Code=18468 RO-data=368 RW-data=64 ZI-data=5064  
FromELF: creating hex file...
".\FENGDI_PRO\FDI_PRO.axf" - 0 Error(s), 0 Warning(s).

<h2>Collection of Component include folders:</h2>
  E:\DRV8825_HAL_test_soft\DRV8825_HAL_RS232_TIM4_20180305_issus_5.02_optimize\DRV8825_HAL_RS232_TIM4_20180305_issus_5.02_optimize\MDK-ARM\RTE
  C:\Keil_v5\ARM\PACK\Keil\STM32F1xx_DFP\2.2.0

<h2>Collection of Component Files used:</h2>
</pre>
</body>
</html>
