Component: ARM Compiler 5.05 update 1 (build 106) Tool: armlink [4d0efa]

==============================================================================

Section Cross References

    startup_stm32f103xe.o(RESET) refers to startup_stm32f103xe.o(STACK) for __initial_sp
    startup_stm32f103xe.o(RESET) refers to startup_stm32f103xe.o(.text) for Reset_Handler
    startup_stm32f103xe.o(RESET) refers to stm32f1xx_it.o(i.NMI_Handler) for NMI_Handler
    startup_stm32f103xe.o(RESET) refers to stm32f1xx_it.o(i.HardFault_Handler) for HardFault_Handler
    startup_stm32f103xe.o(RESET) refers to stm32f1xx_it.o(i.MemManage_Handler) for MemManage_Handler
    startup_stm32f103xe.o(RESET) refers to stm32f1xx_it.o(i.BusFault_Handler) for BusFault_Handler
    startup_stm32f103xe.o(RESET) refers to stm32f1xx_it.o(i.UsageFault_Handler) for UsageFault_Handler
    startup_stm32f103xe.o(RESET) refers to stm32f1xx_it.o(i.DebugMon_Handler) for DebugMon_Handler
    startup_stm32f103xe.o(RESET) refers to stm32f1xx_it.o(i.SysTick_Handler) for SysTick_Handler
    startup_stm32f103xe.o(RESET) refers to bsp_stepmotor.o(i.TIM1_CC_IRQHandler) for TIM1_CC_IRQHandler
    startup_stm32f103xe.o(RESET) refers to stm32f1xx_it.o(i.I2C1_EV_IRQHandler) for I2C1_EV_IRQHandler
    startup_stm32f103xe.o(RESET) refers to stm32f1xx_it.o(i.I2C1_ER_IRQHandler) for I2C1_ER_IRQHandler
    startup_stm32f103xe.o(RESET) refers to stm32f1xx_it.o(i.SPI1_IRQHandler) for SPI1_IRQHandler
    startup_stm32f103xe.o(RESET) refers to stm32f1xx_it.o(i.USART1_IRQHandler) for USART1_IRQHandler
    startup_stm32f103xe.o(.text) refers to system_stm32f1xx.o(i.SystemInit) for SystemInit
    startup_stm32f103xe.o(.text) refers to entry.o(.ARM.Collect$$$$00000000) for __main
    system_stm32f1xx.o(i.SystemCoreClockUpdate) refers to system_stm32f1xx.o(.data) for .data
    system_stm32f1xx.o(i.SystemCoreClockUpdate) refers to system_stm32f1xx.o(.constdata) for .constdata
    stm32f1xx_hal_tim.o(i.HAL_TIM_Base_DeInit) refers to bsp_stepmotor.o(i.HAL_TIM_Base_MspDeInit) for HAL_TIM_Base_MspDeInit
    stm32f1xx_hal_tim.o(i.HAL_TIM_Base_Init) refers to bsp_stepmotor.o(i.HAL_TIM_Base_MspInit) for HAL_TIM_Base_MspInit
    stm32f1xx_hal_tim.o(i.HAL_TIM_Base_Init) refers to stm32f1xx_hal_tim.o(i.TIM_Base_SetConfig) for TIM_Base_SetConfig
    stm32f1xx_hal_tim.o(i.HAL_TIM_Base_Start_DMA) refers to stm32f1xx_hal_dma.o(i.HAL_DMA_Start_IT) for HAL_DMA_Start_IT
    stm32f1xx_hal_tim.o(i.HAL_TIM_Base_Start_DMA) refers to stm32f1xx_hal_tim.o(i.TIM_DMAPeriodElapsedCplt) for TIM_DMAPeriodElapsedCplt
    stm32f1xx_hal_tim.o(i.HAL_TIM_Base_Start_DMA) refers to stm32f1xx_hal_tim.o(i.TIM_DMAError) for TIM_DMAError
    stm32f1xx_hal_tim.o(i.HAL_TIM_ConfigClockSource) refers to stm32f1xx_hal_tim.o(i.TIM_ETR_SetConfig) for TIM_ETR_SetConfig
    stm32f1xx_hal_tim.o(i.HAL_TIM_ConfigClockSource) refers to stm32f1xx_hal_tim.o(i.TIM_TI1_ConfigInputStage) for TIM_TI1_ConfigInputStage
    stm32f1xx_hal_tim.o(i.HAL_TIM_ConfigClockSource) refers to stm32f1xx_hal_tim.o(i.TIM_ITRx_SetConfig) for TIM_ITRx_SetConfig
    stm32f1xx_hal_tim.o(i.HAL_TIM_ConfigClockSource) refers to stm32f1xx_hal_tim.o(i.TIM_TI2_ConfigInputStage) for TIM_TI2_ConfigInputStage
    stm32f1xx_hal_tim.o(i.HAL_TIM_ConfigOCrefClear) refers to stm32f1xx_hal_tim.o(i.TIM_ETR_SetConfig) for TIM_ETR_SetConfig
    stm32f1xx_hal_tim.o(i.HAL_TIM_DMABurst_ReadStart) refers to stm32f1xx_hal_dma.o(i.HAL_DMA_Start_IT) for HAL_DMA_Start_IT
    stm32f1xx_hal_tim.o(i.HAL_TIM_DMABurst_ReadStart) refers to stm32f1xx_hal_tim.o(i.TIM_DMAError) for TIM_DMAError
    stm32f1xx_hal_tim.o(i.HAL_TIM_DMABurst_ReadStart) refers to stm32f1xx_hal_tim.o(i.TIM_DMACaptureCplt) for TIM_DMACaptureCplt
    stm32f1xx_hal_tim.o(i.HAL_TIM_DMABurst_ReadStart) refers to stm32f1xx_hal_tim.o(i.TIM_DMAPeriodElapsedCplt) for TIM_DMAPeriodElapsedCplt
    stm32f1xx_hal_tim.o(i.HAL_TIM_DMABurst_ReadStart) refers to stm32f1xx_hal_tim_ex.o(i.TIMEx_DMACommutationCplt) for TIMEx_DMACommutationCplt
    stm32f1xx_hal_tim.o(i.HAL_TIM_DMABurst_ReadStart) refers to stm32f1xx_hal_tim.o(i.TIM_DMATriggerCplt) for TIM_DMATriggerCplt
    stm32f1xx_hal_tim.o(i.HAL_TIM_DMABurst_ReadStop) refers to stm32f1xx_hal_dma.o(i.HAL_DMA_Abort) for HAL_DMA_Abort
    stm32f1xx_hal_tim.o(i.HAL_TIM_DMABurst_WriteStart) refers to stm32f1xx_hal_dma.o(i.HAL_DMA_Start_IT) for HAL_DMA_Start_IT
    stm32f1xx_hal_tim.o(i.HAL_TIM_DMABurst_WriteStart) refers to stm32f1xx_hal_tim.o(i.TIM_DMAError) for TIM_DMAError
    stm32f1xx_hal_tim.o(i.HAL_TIM_DMABurst_WriteStart) refers to stm32f1xx_hal_tim.o(i.TIM_DMADelayPulseCplt) for TIM_DMADelayPulseCplt
    stm32f1xx_hal_tim.o(i.HAL_TIM_DMABurst_WriteStart) refers to stm32f1xx_hal_tim.o(i.TIM_DMAPeriodElapsedCplt) for TIM_DMAPeriodElapsedCplt
    stm32f1xx_hal_tim.o(i.HAL_TIM_DMABurst_WriteStart) refers to stm32f1xx_hal_tim_ex.o(i.TIMEx_DMACommutationCplt) for TIMEx_DMACommutationCplt
[...]
    i.DRV8825_CCW_AxisMoveRel                0x08001104   Section        0  drv8825.o(i.DRV8825_CCW_AxisMoveRel)
    i.DRV8825_CW_AxisMoveRel                 0x08001144   Section        0  drv8825.o(i.DRV8825_CW_AxisMoveRel)
    i.DRV8825_ReadSpeed                      0x08001184   Section        0  drv8825.o(i.DRV8825_ReadSpeed)
    i.DRV8825_Read_CurrentPosition           0x080011ac   Section        0  drv8825.o(i.DRV8825_Read_CurrentPosition)
    i.DRV8825_Save_CurrentPosition           0x080011f8   Section        0  drv8825.o(i.DRV8825_Save_CurrentPosition)
    i.DRV8825_SetSpeed                       0x080012a8   Section        0  drv8825.o(i.DRV8825_SetSpeed)
    i.DRV8825_StopMove                       0x08001354   Section        0  drv8825.o(i.DRV8825_StopMove)
    i.DS18B20_Delay                          0x080013ac   Section        0  bsp_ds18b20.o(i.DS18B20_Delay)
    DS18B20_Delay                            0x080013ad   Thumb Code    22  bsp_ds18b20.o(i.DS18B20_Delay)
    i.DS18B20_GetTemp_MatchRom               0x080013c2   Section        0  bsp_ds18b20.o(i.DS18B20_GetTemp_MatchRom)
    i.DS18B20_Init                           0x0800143c   Section        0  bsp_ds18b20.o(i.DS18B20_Init)
    i.DS18B20_MatchRom                       0x08001474   Section        0  bsp_ds18b20.o(i.DS18B20_MatchRom)
    DS18B20_MatchRom                         0x08001475   Thumb Code    20  bsp_ds18b20.o(i.DS18B20_MatchRom)
    i.DS18B20_Mode_IPU                       0x08001488   Section        0  bsp_ds18b20.o(i.DS18B20_Mode_IPU)
    DS18B20_Mode_IPU                         0x08001489   Thumb Code    24  bsp_ds18b20.o(i.DS18B20_Mode_IPU)
    i.DS18B20_Mode_Out_PP                    0x080014a4   Section        0  bsp_ds18b20.o(i.DS18B20_Mode_Out_PP)
    DS18B20_Mode_Out_PP                      0x080014a5   Thumb Code    24  bsp_ds18b20.o(i.DS18B20_Mode_Out_PP)
    i.DS18B20_Presence                       0x080014c0   Section        0  bsp_ds18b20.o(i.DS18B20_Presence)
    DS18B20_Presence                         0x080014c1   Thumb Code    84  bsp_ds18b20.o(i.DS18B20_Presence)
    i.DS18B20_ReadBit                        0x08001518   Section        0  bsp_ds18b20.o(i.DS18B20_ReadBit)
    DS18B20_ReadBit                          0x08001519   Thumb Code    56  bsp_ds18b20.o(i.DS18B20_ReadBit)
    i.DS18B20_ReadByte                       0x08001554   Section        0  bsp_ds18b20.o(i.DS18B20_ReadByte)
    DS18B20_ReadByte                         0x08001555   Thumb Code    28  bsp_ds18b20.o(i.DS18B20_ReadByte)
    i.DS18B20_ReadId                         0x08001570   Section        0  bsp_ds18b20.o(i.DS18B20_ReadId)
    i.DS18B20_Rst                            0x0800158c   Section        0  bsp_ds18b20.o(i.DS18B20_Rst)
    DS18B20_Rst                              0x0800158d   Thumb Code    46  bsp_ds18b20.o(i.DS18B20_Rst)
    i.DS18B20_WriteByte                      0x080015c0   Section        0  bsp_ds18b20.o(i.DS18B20_WriteByte)
    DS18B20_WriteByte                        0x080015c1   Thumb Code    96  bsp_ds18b20.o(i.DS18B20_WriteByte)
    i.DebugMon_Handler                       0x08001624   Section        0  stm32f1xx_it.o(i.DebugMon_Handler)
    i.Dec_To_Hex                             0x08001628   Section        0  hextodec.o(i.Dec_To_Hex)
    i.Display_EEPROM_Value                   0x080017bc   Section        0  drv8825.o(i.Display_EEPROM_Value)
    i.EEPROM_CheckOk                         0x080018bc   Section        0  bsp_eeprom.o(i.EEPROM_CheckOk)
    i.EEPROM_Clear_Buf                       0x080018d4   Section        0  drv8825.o(i.EEPROM_Clear_Buf)
    i.EEPROM_ReadBytes                       0x08001944   Section        0  bsp_eeprom.o(i.EEPROM_ReadBytes)
    i.EEPROM_WriteBytes                      0x080019ae   Section        0  bsp_eeprom.o(i.EEPROM_WriteBytes)
    i.GENERAL_TIMx_Init                      0x08001a20   Section        0  bsp_generaltim.o(i.GENERAL_TIMx_Init)
    i.HAL_Delay                              0x08001a90   Section        0  stm32f1xx_hal.o(i.HAL_Delay)
    i.HAL_GPIO_Init                          0x08001aa8   Section        0  stm32f1xx_hal_gpio.o(i.HAL_GPIO_Init)
    i.HAL_GPIO_ReadPin                       0x08001cb8   Section        0  stm32f1xx_hal_gpio.o(i.HAL_GPIO_ReadPin)
    i.HAL_GPIO_WritePin                      0x08001cc6   Section        0  stm32f1xx_hal_gpio.o(i.HAL_GPIO_WritePin)
    i.HAL_GetTick                            0x08001cd4   Section        0  stm32f1xx_hal.o(i.HAL_GetTick)
    i.HAL_I2C_ER_IRQHandler                  0x08001ce0   Section        0  stm32f1xx_hal_i2c.o(i.HAL_I2C_ER_IRQHandler)
    i.HAL_I2C_EV_IRQHandler                  0x08001dc6   Section        0  stm32f1xx_hal_i2c.o(i.HAL_I2C_EV_IRQHandler)
    i.HAL_I2C_ErrorCallback                  0x08001ef0   Section        0  stm32f1xx_hal_i2c.o(i.HAL_I2C_ErrorCallback)
    i.HAL_I2C_Init                           0x08001ef4   Section        0  stm32f1xx_hal_i2c.o(i.HAL_I2C_Init)
    i.HAL_I2C_MasterRxCpltCallback           0x08001fa0   Section        0  stm32f1xx_hal_i2c.o(i.HAL_I2C_MasterRxCpltCallback)
    i.HAL_I2C_MasterTxCpltCallback           0x08001fa2   Section        0  stm32f1xx_hal_i2c.o(i.HAL_I2C_MasterTxCpltCallback)
    i.HAL_I2C_MemRxCpltCallback              0x08001fa4   Section        0  stm32f1xx_hal_i2c.o(i.HAL_I2C_MemRxCpltCallback)
    i.HAL_I2C_MemTxCpltCallback              0x08001fa6   Section        0  stm32f1xx_hal_i2c.o(i.HAL_I2C_MemTxCpltCallback)
    i.HAL_I2C_MspInit                        0x08001fa8   Section        0  bsp_i2c.o(i.HAL_I2C_MspInit)
    i.HAL_I2C_SlaveRxCpltCallback            0x08002010   Section        0  main.o(i.HAL_I2C_SlaveRxCpltCallback)
    i.HAL_I2C_SlaveTxCpltCallback            0x080020a8   Section        0  stm32f1xx_hal_i2c.o(i.HAL_I2C_SlaveTxCpltCallback)
    i.HAL_I2C_Slave_Receive_IT               0x080020ac   Section        0  stm32f1xx_hal_i2c.o(i.HAL_I2C_Slave_Receive_IT)
    i.HAL_IncTick                            0x08002130   Section        0  stm32f1xx_hal.o(i.HAL_IncTick)
    i.HAL_Init                               0x08002140   Section        0  stm32f1xx_hal.o(i.HAL_Init)
    i.HAL_InitTick                           0x08002164   Section        0  stm32f1xx_hal.o(i.HAL_InitTick)
    i.HAL_MspInit                            0x08002188   Section        0  stm32f1xx_hal_msp.o(i.HAL_MspInit)
    i.HAL_NVIC_EnableIRQ                     0x080021e4   Section        0  stm32f1xx_hal_cortex.o(i.HAL_NVIC_EnableIRQ)
    i.HAL_NVIC_SetPriority                   0x080021fc   Section        0  stm32f1xx_hal_cortex.o(i.HAL_NVIC_SetPriority)
    i.HAL_NVIC_SetPriorityGrouping           0x0800223c   Section        0  stm32f1xx_hal_cortex.o(i.HAL_NVIC_SetPriorityGrouping)
    i.HAL_RCC_ClockConfig                    0x08002260   Section        0  stm32f1xx_hal_rcc.o(i.HAL_RCC_ClockConfig)
    i.HAL_RCC_GetHCLKFreq                    0x08002518   Section        0  stm32f1xx_hal_rcc.o(i.HAL_RCC_GetHCLKFreq)
    i.HAL_RCC_GetPCLK1Freq                   0x0800254c   Section        0  stm32f1xx_hal_rcc.o(i.HAL_RCC_GetPCLK1Freq)
    i.HAL_RCC_GetPCLK2Freq                   0x08002578   Section        0  stm32f1xx_hal_rcc.o(i.HAL_RCC_GetPCLK2Freq)
    i.HAL_RCC_GetSysClockFreq                0x080025a4   Section        0  stm32f1xx_hal_rcc.o(i.HAL_RCC_GetSysClockFreq)
    i.HAL_RCC_OscConfig                      0x08002634   Section        0  stm32f1xx_hal_rcc.o(i.HAL_RCC_OscConfig)
    i.HAL_SPI_ErrorCallback                  0x08002cdc   Section        0  stm32f1xx_hal_spi.o(i.HAL_SPI_ErrorCallback)
    i.HAL_SPI_IRQHandler                     0x08002cde   Section        0  stm32f1xx_hal_spi.o(i.HAL_SPI_IRQHandler)
    i.HAL_SPI_Init                           0x08002d94   Section        0  stm32f1xx_hal_spi_ex.o(i.HAL_SPI_Init)
    i.HAL_SPI_MspInit                        0x08002e20   Section        0  bsp_spi.o(i.HAL_SPI_MspInit)
    i.HAL_SPI_Transmit                       0x08002ec4   Section        0  stm32f1xx_hal_spi.o(i.HAL_SPI_Transmit)
    i.HAL_SYSTICK_CLKSourceConfig            0x08003056   Section        0  stm32f1xx_hal_cortex.o(i.HAL_SYSTICK_CLKSourceConfig)
    i.HAL_SYSTICK_Callback                   0x08003072   Section        0  stm32f1xx_hal_cortex.o(i.HAL_SYSTICK_Callback)
    i.HAL_SYSTICK_Config                     0x08003074   Section        0  stm32f1xx_hal_cortex.o(i.HAL_SYSTICK_Config)
    i.HAL_SYSTICK_IRQHandler                 0x0800309c   Section        0  stm32f1xx_hal_cortex.o(i.HAL_SYSTICK_IRQHandler)
    i.HAL_TIMEx_ConfigBreakDeadTime          0x080030a4   Section        0  stm32f1xx_hal_tim_ex.o(i.HAL_TIMEx_ConfigBreakDeadTime)
    i.HAL_TIMEx_MasterConfigSynchronization  0x080030e6   Section        0  stm32f1xx_hal_tim_ex.o(i.HAL_TIMEx_MasterConfigSynchronization)
    i.HAL_TIM_Base_Init                      0x08003136   Section        0  stm32f1xx_hal_tim.o(i.HAL_TIM_Base_Init)
    i.HAL_TIM_Base_MspInit                   0x08003170   Section        0  bsp_stepmotor.o(i.HAL_TIM_Base_MspInit)
    i.HAL_TIM_Base_Start                     0x080031b4   Section        0  stm32f1xx_hal_tim.o(i.HAL_TIM_Base_Start)
    i.HAL_TIM_ConfigClockSource              0x080031ce   Section        0  stm32f1xx_hal_tim.o(i.HAL_TIM_ConfigClockSource)
    i.HAL_TIM_MspPostInit                    0x080032dc   Section        0  bsp_generaltim.o(i.HAL_TIM_MspPostInit)
    i.HAL_TIM_OC_ConfigChannel               0x08003320   Section        0  stm32f1xx_hal_tim.o(i.HAL_TIM_OC_ConfigChannel)
    i.HAL_TIM_OC_Init                        0x08003374   Section        0  stm32f1xx_hal_tim.o(i.HAL_TIM_OC_Init)
    i.HAL_TIM_OC_MspInit                     0x080033ac   Section        0  stm32f1xx_hal_tim.o(i.HAL_TIM_OC_MspInit)
    i.HAL_TIM_OC_Start_IT                    0x080033b0   Section        0  stm32f1xx_hal_tim.o(i.HAL_TIM_OC_Start_IT)
    i.HAL_TIM_OC_Stop                        0x08003424   Section        0  stm32f1xx_hal_tim.o(i.HAL_TIM_OC_Stop)
    i.HAL_TIM_OC_Stop_IT                     0x0800347c   Section        0  stm32f1xx_hal_tim.o(i.HAL_TIM_OC_Stop_IT)
    i.HAL_TIM_PWM_ConfigChannel              0x0800350c   Section        0  stm32f1xx_hal_tim.o(i.HAL_TIM_PWM_ConfigChannel)
    i.HAL_TIM_PWM_Start                      0x080035e8   Section        0  stm32f1xx_hal_tim.o(i.HAL_TIM_PWM_Start)
    i.HAL_UART_ErrorCallback                 0x08003620   Section        0  stm32f1xx_hal_uart.o(i.HAL_UART_ErrorCallback)
    i.HAL_UART_IRQHandler                    0x08003622   Section        0  stm32f1xx_hal_uart.o(i.HAL_UART_IRQHandler)
    i.HAL_UART_Init                          0x080036e0   Section        0  stm32f1xx_hal_uart.o(i.HAL_UART_Init)
    i.HAL_UART_MspInit                       0x08003740   Section        0  bsp_usartx.o(i.HAL_UART_MspInit)
    i.HAL_UART_Receive_IT                    0x08003798   Section        0  stm32f1xx_hal_uart.o(i.HAL_UART_Receive_IT)
    i.HAL_UART_RxCpltCallback                0x08003808   Section        0  main.o(i.HAL_UART_RxCpltCallback)
    i.HAL_UART_Transmit                      0x08003c66   Section        0  stm32f1xx_hal_uart.o(i.HAL_UART_Transmit)
    i.HAL_UART_TxCpltCallback                0x08003d3e   Section        0  stm32f1xx_hal_uart.o(i.HAL_UART_TxCpltCallback)
    i.HardFault_Handler                      0x08003d40   Section        0  stm32f1xx_it.o(i.HardFault_Handler)
    i.Hex2oct_LSB                            0x08003d44   Section        0  hextodec.o(i.Hex2oct_LSB)
    i.Hex2oct_MD1                            0x08003d80   Section        0  hextodec.o(i.Hex2oct_MD1)
    i.Hex2oct_MD2                            0x08003dbc   Section        0  hextodec.o(i.Hex2oct_MD2)
    i.Hex2oct_MSB                            0x08003df8   Section        0  hextodec.o(i.Hex2oct_MSB)
    i.I2C1_ER_IRQHandler                     0x08003e34   Section        0  stm32f1xx_it.o(i.I2C1_ER_IRQHandler)
    i.I2C1_EV_IRQHandler                     0x08003e40   Section        0  stm32f1xx_it.o(i.I2C1_EV_IRQHandler)
    i.I2C_Ack                                0x08003e4c   Section        0  bsp_eeprom.o(i.I2C_Ack)
    i.I2C_CheckDevice                        0x08003e8c   Section        0  bsp_eeprom.o(i.I2C_CheckDevice)
    i.I2C_Configure_Speed                    0x08003eac   Section        0  stm32f1xx_hal_i2c.o(i.I2C_Configure_Speed)
    I2C_Configure_Speed                      0x08003ead   Thumb Code    68  stm32f1xx_hal_i2c.o(i.I2C_Configure_Speed)
    i.I2C_Delay                              0x08003ef4   Section        0  bsp_eeprom.o(i.I2C_Delay)
    I2C_Delay                                0x08003ef5   Thumb Code    12  bsp_eeprom.o(i.I2C_Delay)
    i.I2C_InitGPIO                           0x08003f00   Section        0  bsp_eeprom.o(i.I2C_InitGPIO)
    I2C_InitGPIO                             0x08003f01   Thumb Code    64  bsp_eeprom.o(i.I2C_InitGPIO)
    i.I2C_MasterReceive_BTF                  0x08003f4c   Section        0  stm32f1xx_hal_i2c.o(i.I2C_MasterReceive_BTF)
    I2C_MasterReceive_BTF                    0x08003f4d   Thumb Code   148  stm32f1xx_hal_i2c.o(i.I2C_MasterReceive_BTF)
    i.I2C_MasterReceive_RXNE                 0x08003fe0   Section        0  stm32f1xx_hal_i2c.o(i.I2C_MasterReceive_RXNE)
    I2C_MasterReceive_RXNE                   0x08003fe1   Thumb Code   104  stm32f1xx_hal_i2c.o(i.I2C_MasterReceive_RXNE)
    i.I2C_MasterTransmit_BTF                 0x08004048   Section        0  stm32f1xx_hal_i2c.o(i.I2C_MasterTransmit_BTF)
    I2C_MasterTransmit_BTF                   0x08004049   Thumb Code    78  stm32f1xx_hal_i2c.o(i.I2C_MasterTransmit_BTF)
    i.I2C_MasterTransmit_TXE                 0x08004096   Section        0  stm32f1xx_hal_i2c.o(i.I2C_MasterTransmit_TXE)
    I2C_MasterTransmit_TXE                   0x08004097   Thumb Code    38  stm32f1xx_hal_i2c.o(i.I2C_MasterTransmit_TXE)
    i.I2C_NAck                               0x080040bc   Section        0  bsp_eeprom.o(i.I2C_NAck)
    i.I2C_ReadByte                           0x080040f4   Section        0  bsp_eeprom.o(i.I2C_ReadByte)
    i.I2C_SendByte                           0x0800413c   Section        0  bsp_eeprom.o(i.I2C_SendByte)
    i.I2C_SlaveReceive_BTF                   0x080041a0   Section        0  stm32f1xx_hal_i2c.o(i.I2C_SlaveReceive_BTF)
    I2C_SlaveReceive_BTF                     0x080041a1   Thumb Code    28  stm32f1xx_hal_i2c.o(i.I2C_SlaveReceive_BTF)
    i.I2C_SlaveReceive_RXNE                  0x080041bc   Section        0  stm32f1xx_hal_i2c.o(i.I2C_SlaveReceive_RXNE)
    I2C_SlaveReceive_RXNE                    0x080041bd   Thumb Code    28  stm32f1xx_hal_i2c.o(i.I2C_SlaveReceive_RXNE)
    i.I2C_SlaveTransmit_BTF                  0x080041d8   Section        0  stm32f1xx_hal_i2c.o(i.I2C_SlaveTransmit_BTF)
    I2C_SlaveTransmit_BTF                    0x080041d9   Thumb Code    28  stm32f1xx_hal_i2c.o(i.I2C_SlaveTransmit_BTF)
    i.I2C_SlaveTransmit_TXE                  0x080041f4   Section        0  stm32f1xx_hal_i2c.o(i.I2C_SlaveTransmit_TXE)
    I2C_SlaveTransmit_TXE                    0x080041f5   Thumb Code    28  stm32f1xx_hal_i2c.o(i.I2C_SlaveTransmit_TXE)
    i.I2C_Slave_ADDR                         0x08004210   Section        0  stm32f1xx_hal_i2c.o(i.I2C_Slave_ADDR)
    I2C_Slave_ADDR                           0x08004211   Thumb Code    14  stm32f1xx_hal_i2c.o(i.I2C_Slave_ADDR)
    i.I2C_Slave_AF                           0x0800421e   Section        0  stm32f1xx_hal_i2c.o(i.I2C_Slave_AF)
    I2C_Slave_AF                             0x0800421f   Thumb Code    46  stm32f1xx_hal_i2c.o(i.I2C_Slave_AF)
    i.I2C_Slave_STOPF                        0x0800424c   Section        0  stm32f1xx_hal_i2c.o(i.I2C_Slave_STOPF)
    I2C_Slave_STOPF                          0x0800424d   Thumb Code    50  stm32f1xx_hal_i2c.o(i.I2C_Slave_STOPF)
    i.I2C_Start                              0x08004280   Section        0  bsp_eeprom.o(i.I2C_Start)
    i.I2C_Stop                               0x080042c0   Section        0  bsp_eeprom.o(i.I2C_Stop)
    i.I2C_WaitAck                            0x080042f0   Section        0  bsp_eeprom.o(i.I2C_WaitAck)
    i.I2C_WaitOnFlagUntilTimeout             0x08004338   Section        0  stm32f1xx_hal_i2c.o(i.I2C_WaitOnFlagUntilTimeout)
    I2C_WaitOnFlagUntilTimeout               0x08004339   Thumb Code   174  stm32f1xx_hal_i2c.o(i.I2C_WaitOnFlagUntilTimeout)
    i.KEY1_StateRead                         0x080043e8   Section        0  bsp_key.o(i.KEY1_StateRead)
    i.KEY2_StateRead                         0x08004420   Section        0  bsp_key.o(i.KEY2_StateRead)
    i.KEY3_StateRead                         0x0800445c   Section        0  bsp_key.o(i.KEY3_StateRead)
    i.KEY_GPIO_Init                          0x08004494   Section        0  bsp_key.o(i.KEY_GPIO_Init)
    i.LAMP_Read_BrightValue                  0x0800450c   Section        0  bsp_lamp.o(i.LAMP_Read_BrightValue)
    i.LAMP_Save_BrightValue                  0x08004578   Section        0  bsp_lamp.o(i.LAMP_Save_BrightValue)
    i.LED_GPIO_Init                          0x08004620   Section        0  bsp_led.o(i.LED_GPIO_Init)
    i.MX_I2C_EEPROM_Init                     0x080046bc   Section        0  bsp_i2c.o(i.MX_I2C_EEPROM_Init)
    i.MX_NVIC_USARTx_Init                    0x080046f0   Section        0  bsp_usartx.o(i.MX_NVIC_USARTx_Init)
    MX_NVIC_USARTx_Init                      0x080046f1   Thumb Code    22  bsp_usartx.o(i.MX_NVIC_USARTx_Init)
    i.MX_USARTx_Init                         0x08004708   Section        0  bsp_usartx.o(i.MX_USARTx_Init)
    i.MemManage_Handler                      0x08004750   Section        0  stm32f1xx_it.o(i.MemManage_Handler)
    i.Motor_Save_EndPosition                 0x08004754   Section        0  drv8825.o(i.Motor_Save_EndPosition)
    i.NMI_Handler                            0x08004804   Section        0  stm32f1xx_it.o(i.NMI_Handler)
    i.NVIC_SetPriority                       0x08004806   Section        0  stm32f1xx_hal_cortex.o(i.NVIC_SetPriority)
    NVIC_SetPriority                         0x08004807   Thumb Code    32  stm32f1xx_hal_cortex.o(i.NVIC_SetPriority)
    i.PC_A2_DRV8825_ReadSpeed                0x08004828   Section        0  drv8825.o(i.PC_A2_DRV8825_ReadSpeed)
    i.PC_A2_Pulse_EEPROM_Value               0x08004878   Section        0  drv8825.o(i.PC_A2_Pulse_EEPROM_Value)
    i.PC_DRV8825_ReadSpeed                   0x080048f0   Section        0  drv8825.o(i.PC_DRV8825_ReadSpeed)
    i.SPI1_IRQHandler                        0x08004960   Section        0  stm32f1xx_it.o(i.SPI1_IRQHandler)
    i.SPI_COMM_Function                      0x0800496c   Section        0  spi_comm.o(i.SPI_COMM_Function)
    i.SPI_WaitOnFlagUntilTimeout             0x08004a8c   Section        0  stm32f1xx_hal_spi.o(i.SPI_WaitOnFlagUntilTimeout)
    SPI_WaitOnFlagUntilTimeout               0x08004a8d   Thumb Code   214  stm32f1xx_hal_spi.o(i.SPI_WaitOnFlagUntilTimeout)
    i.SPIx_Init                              0x08004b64   Section        0  bsp_spi.o(i.SPIx_Init)
    i.STEPMOTOR_AxisMoveAbs                  0x08004bac   Section        0  bsp_stepmotor.o(i.STEPMOTOR_AxisMoveAbs)
    i.STEPMOTOR_AxisMoveRel                  0x08004c28   Section        0  bsp_stepmotor.o(i.STEPMOTOR_AxisMoveRel)
    i.STEPMOTOR_GPIO_Init                    0x08004d5c   Section        0  bsp_stepmotor.o(i.STEPMOTOR_GPIO_Init)
    STEPMOTOR_GPIO_Init                      0x08004d5d   Thumb Code   160  bsp_stepmotor.o(i.STEPMOTOR_GPIO_Init)
    i.STEPMOTOR_PC_AxisMoveAbs               0x08004e08   Section        0  bsp_stepmotor.o(i.STEPMOTOR_PC_AxisMoveAbs)
    i.STEPMOTOR_TIMx_Init                    0x08004e94   Section        0  bsp_stepmotor.o(i.STEPMOTOR_TIMx_Init)
    i.Set_NewOrigin_Position                 0x08004f4c   Section        0  drv8825.o(i.Set_NewOrigin_Position)
    i.SysTick_Handler                        0x08005040   Section        0  stm32f1xx_it.o(i.SysTick_Handler)
    i.SystemClock_Config                     0x0800504e   Section        0  main.o(i.SystemClock_Config)
    i.SystemInit                             0x080050ac   Section        0  system_stm32f1xx.o(i.SystemInit)
    i.TIM1_CC_IRQHandler                     0x080050f4   Section        0  bsp_stepmotor.o(i.TIM1_CC_IRQHandler)
    i.TIM_Base_SetConfig                     0x08005214   Section        0  stm32f1xx_hal_tim.o(i.TIM_Base_SetConfig)
    i.TIM_CCxChannelCmd                      0x0800529c   Section        0  stm32f1xx_hal_tim.o(i.TIM_CCxChannelCmd)
    i.TIM_ETR_SetConfig                      0x080052b2   Section        0  stm32f1xx_hal_tim.o(i.TIM_ETR_SetConfig)
    TIM_ETR_SetConfig                        0x080052b3   Thumb Code    20  stm32f1xx_hal_tim.o(i.TIM_ETR_SetConfig)
    i.TIM_ITRx_SetConfig                     0x080052c6   Section        0  stm32f1xx_hal_tim.o(i.TIM_ITRx_SetConfig)
    TIM_ITRx_SetConfig                       0x080052c7   Thumb Code    16  stm32f1xx_hal_tim.o(i.TIM_ITRx_SetConfig)
    i.TIM_OC1_SetConfig                      0x080052d8   Section        0  stm32f1xx_hal_tim.o(i.TIM_OC1_SetConfig)
    TIM_OC1_SetConfig                        0x080052d9   Thumb Code    96  stm32f1xx_hal_tim.o(i.TIM_OC1_SetConfig)
    i.TIM_OC2_SetConfig                      0x08005340   Section        0  stm32f1xx_hal_tim.o(i.TIM_OC2_SetConfig)
    i.TIM_OC3_SetConfig                      0x080053b4   Section        0  stm32f1xx_hal_tim.o(i.TIM_OC3_SetConfig)
    TIM_OC3_SetConfig                        0x080053b5   Thumb Code   104  stm32f1xx_hal_tim.o(i.TIM_OC3_SetConfig)
    i.TIM_OC4_SetConfig                      0x08005424   Section        0  stm32f1xx_hal_tim.o(i.TIM_OC4_SetConfig)
    TIM_OC4_SetConfig                        0x08005425   Thumb Code    74  stm32f1xx_hal_tim.o(i.TIM_OC4_SetConfig)
    i.TIM_TI1_ConfigInputStage               0x08005478   Section        0  stm32f1xx_hal_tim.o(i.TIM_TI1_ConfigInputStage)
    TIM_TI1_ConfigInputStage                 0x08005479   Thumb Code    34  stm32f1xx_hal_tim.o(i.TIM_TI1_ConfigInputStage)
    i.TIM_TI2_ConfigInputStage               0x0800549a   Section        0  stm32f1xx_hal_tim.o(i.TIM_TI2_ConfigInputStage)
    TIM_TI2_ConfigInputStage                 0x0800549b   Thumb Code    36  stm32f1xx_hal_tim.o(i.TIM_TI2_ConfigInputStage)
    i.UART_EndTransmit_IT                    0x080054be   Section        0  stm32f1xx_hal_uart.o(i.UART_EndTransmit_IT)
    UART_EndTransmit_IT                      0x080054bf   Thumb Code    42  stm32f1xx_hal_uart.o(i.UART_EndTransmit_IT)
    i.UART_Receive_IT                        0x080054e8   Section        0  stm32f1xx_hal_uart.o(i.UART_Receive_IT)
    UART_Receive_IT                          0x080054e9   Thumb Code   176  stm32f1xx_hal_uart.o(i.UART_Receive_IT)
    i.UART_SetConfig                         0x08005598   Section        0  stm32f1xx_hal_uart.o(i.UART_SetConfig)
    UART_SetConfig                           0x08005599   Thumb Code   264  stm32f1xx_hal_uart.o(i.UART_SetConfig)
    i.UART_Transmit_IT                       0x080056a4   Section        0  stm32f1xx_hal_uart.o(i.UART_Transmit_IT)
    UART_Transmit_IT                         0x080056a5   Thumb Code   106  stm32f1xx_hal_uart.o(i.UART_Transmit_IT)
    i.UART_WaitOnFlagUntilTimeout            0x0800570e   Section        0  stm32f1xx_hal_uart.o(i.UART_WaitOnFlagUntilTimeout)
    UART_WaitOnFlagUntilTimeout              0x0800570f   Thumb Code   198  stm32f1xx_hal_uart.o(i.UART_WaitOnFlagUntilTimeout)
    i.USART1_IRQHandler                      0x080057d4   Section        0  stm32f1xx_it.o(i.USART1_IRQHandler)
    i.UsageFault_Handler                     0x080057e0   Section        0  stm32f1xx_it.o(i.UsageFault_Handler)
    i.__0printf                              0x080057e4   Section        0  printfa.o(i.__0printf)
    i.__scatterload_copy                     0x08005804   Section       14  handlers.o(i.__scatterload_copy)
    i.__scatterload_null                     0x08005812   Section        2  handlers.o(i.__scatterload_null)
    i.__scatterload_zeroinit                 0x08005814   Section       14  handlers.o(i.__scatterload_zeroinit)
    i._fp_digits                             0x08005824   Section        0  printfa.o(i._fp_digits)
    _fp_digits                               0x08005825   Thumb Code   334  printfa.o(i._fp_digits)
    i._printf_core                           0x08005988   Section        0  printfa.o(i._printf_core)
    _printf_core                             0x08005989   Thumb Code  1744  printfa.o(i._printf_core)
    i._printf_post_padding                   0x08006064   Section        0  printfa.o(i._printf_post_padding)
    _printf_post_padding                     0x08006065   Thumb Code    36  printfa.o(i._printf_post_padding)
    i._printf_pre_padding                    0x08006088   Section        0  printfa.o(i._printf_pre_padding)
    _printf_pre_padding                      0x08006089   Thumb Code    46  printfa.o(i._printf_pre_padding)
    i.fputc                                  0x080060b8   Section        0  bsp_usartx.o(i.fputc)
    i.main                                   0x080060d0   Section        0  main.o(i.main)
    .constdata                               0x080063e8   Section       16  stm32f1xx_hal_rcc.o(.constdata)
    .constdata                               0x080063f8   Section       16  hextodec.o(.constdata)
    .data                                    0x20000000   Section        4  system_stm32f1xx.o(.data)
    .data                                    0x20000004   Section        4  stm32f1xx_hal.o(.data)
    uwTick                                   0x20000004   Data           4  stm32f1xx_hal.o(.data)
    .data                                    0x20000008   Section        1  stm32f1xx_hal_spi_ex.o(.data)
    .data                                    0x2000000a   Section       20  main.o(.data)
    j                                        0x2000000d   Data           1  main.o(.data)
    .data                                    0x20000020   Section        8  drv8825.o(.data)
    step_position                            0x20000024   Data           4  drv8825.o(.data)
    .data                                    0x20000028   Section        1  bsp_generaltim.o(.data)
    .data                                    0x2000002c   Section       28  bsp_stepmotor.o(.data)
    i                                        0x2000002d   Data           1  bsp_stepmotor.o(.data)
    step_position                            0x20000030   Data           4  bsp_stepmotor.o(.data)
    .data                                    0x20000048   Section        1  bsp_stepmotor.o(.data)
    .data                                    0x20000049   Section       15  spi_comm.o(.data)
    .data                                    0x20000058   Section        4  stdout.o(.data)
    .bss                                     0x2000005c   Section      256  main.o(.bss)
    .bss                                     0x2000015c   Section       64  bsp_usartx.o(.bss)
    .bss                                     0x2000019c   Section       60  bsp_generaltim.o(.bss)
    .bss                                     0x200001d8   Section       72  bsp_stepmotor.o(.bss)
    .bss                                     0x20000220   Section      256  bsp_stepmotor.o(.bss)
    .bss                                     0x20000320   Section      256  bsp_stepmotor.o(.bss)
    .bss                                     0x20000420   Section       88  bsp_spi.o(.bss)
    .bss                                     0x20000478   Section       60  bsp_i2c.o(.bss)
    STACK                                    0x200004b8   Section     4096  startup_stm32f103xe.o(STACK)

    Global Symbols

    Symbol Name                              Value     Ov Type        Size  Object(Section)

    BuildAttributes$$THM_ISAv4$P$D$K$B$S$PE$A:L22UL41UL21$X:L11$S22US41US21$IEEE1$IW$USESV6$~STKCKD$USESV7$~SHL$OTIME$ROPI$EBA8$MICROLIB$REQ8$PRES8$EABIv2 0x00000000   Number         0  anon$$obj.o ABSOLUTE
    __ARM_use_no_argv                        0x00000000   Number         0  main.o ABSOLUTE
    _printf_a                                0x00000000   Number         0  stubs.o ABSOLUTE
    _printf_c                                0x00000000   Number         0  stubs.o ABSOLUTE
    _printf_charcount                        0x00000000   Number         0  stubs.o ABSOLUTE
    _printf_d                                0x00000000   Number         0  stubs.o ABSOLUTE
    _printf_e                                0x00000000   Number         0  stubs.o ABSOLUTE
    _printf_f                                0x00000000   Number         0  stubs.o ABSOLUTE
    _printf_flags                            0x00000000   Number         0  stubs.o ABSOLUTE
    _printf_fp_dec                           0x00000000   Number         0  stubs.o ABSOLUTE
    _printf_fp_hex                           0x00000000   Number         0  stubs.o ABSOLUTE
    _printf_g                                0x00000000   Number         0  stubs.o ABSOLUTE
    _printf_i                                0x00000000   Number         0  stubs.o ABSOLUTE
    _printf_int_dec                          0x00000000   Number         0  stubs.o ABSOLUTE
    _printf_l                                0x00000000   Number         0  stubs.o ABSOLUTE
    _printf_lc                               0x00000000   Number         0  stubs.o ABSOLUTE
    _printf_ll                               0x00000000   Number         0  stubs.o ABSOLUTE
    _printf_lld                              0x00000000   Number         0  stubs.o ABSOLUTE
    _printf_lli                              0x00000000   Number         0  stubs.o ABSOLUTE
    _printf_llo                              0x00000000   Number         0  stubs.o ABSOLUTE
    _printf_llu                              0x00000000   Number         0  stubs.o ABSOLUTE
    _printf_llx                              0x00000000   Number         0  stubs.o ABSOLUTE
    _printf_longlong_dec                     0x00000000   Number         0  stubs.o ABSOLUTE
    _printf_longlong_hex                     0x00000000   Number         0  stubs.o ABSOLUTE
    _printf_longlong_oct                     0x00000000   Number         0  stubs.o ABSOLUTE
    _printf_ls                               0x00000000   Number         0  stubs.o ABSOLUTE
    _printf_mbtowc                           0x00000000   Number         0  stubs.o ABSOLUTE
    _printf_n                                0x00000000   Number         0  stubs.o ABSOLUTE
    _printf_o                                0x00000000   Number         0  stubs.o ABSOLUTE
    _printf_p                                0x00000000   Number         0  stubs.o ABSOLUTE
    _printf_percent                          0x00000000   Number         0  stubs.o ABSOLUTE
    _printf_pre_padding                      0x00000000   Number         0  stubs.o ABSOLUTE
    _printf_return_value                     0x00000000   Number         0  stubs.o ABSOLUTE
    _printf_s                                0x00000000   Number         0  stubs.o ABSOLUTE
    _printf_sizespec                         0x00000000   Number         0  stubs.o ABSOLUTE
    _printf_str                              0x00000000   Number         0  stubs.o ABSOLUTE
    _printf_truncate_signed                  0x00000000   Number         0  stubs.o ABSOLUTE
    _printf_truncate_unsigned                0x00000000   Number         0  stubs.o ABSOLUTE
    _printf_u                                0x00000000   Number         0  stubs.o ABSOLUTE
    _printf_wc                               0x00000000   Number         0  stubs.o ABSOLUTE
    _printf_wctomb                           0x00000000   Number         0  stubs.o ABSOLUTE
    _printf_widthprec                        0x00000000   Number         0  stubs.o ABSOLUTE
    _printf_x                                0x00000000   Number         0  stubs.o ABSOLUTE
    __cpp_initialize__aeabi_                  - Undefined Weak Reference
    __cxa_finalize                            - Undefined Weak Reference
    __decompress                              - Undefined Weak Reference
    _clock_init                               - Undefined Weak Reference
    _microlib_exit                            - Undefined Weak Reference
    __Vectors_Size                           0x00000130   Number         0  startup_stm32f103xe.o ABSOLUTE
    __Vectors                                0x08000000   Data           4  startup_stm32f103xe.o(RESET)
    __Vectors_End                            0x08000130   Data           0  startup_stm32f103xe.o(RESET)
    __main                                   0x08000131   Thumb Code     0  entry.o(.ARM.Collect$$$$00000000)
    _main_stk                                0x08000131   Thumb Code     0  entry2.o(.ARM.Collect$$$$00000001)
    _main_scatterload                        0x08000135   Thumb Code     0  entry5.o(.ARM.Collect$$$$00000004)
    __main_after_scatterload                 0x08000139   Thumb Code     0  entry5.o(.ARM.Collect$$$$00000004)
    _main_clock                              0x08000139   Thumb Code     0  entry7b.o(.ARM.Collect$$$$00000008)
    _main_cpp_init                           0x08000139   Thumb Code     0  entry8b.o(.ARM.Collect$$$$0000000A)
    _main_init                               0x08000139   Thumb Code     0  entry9a.o(.ARM.Collect$$$$0000000B)
    __rt_final_cpp                           0x08000141   Thumb Code     0  entry10a.o(.ARM.Collect$$$$0000000D)
    __rt_final_exit                          0x08000141   Thumb Code     0  entry11a.o(.ARM.Collect$$$$0000000F)
    Reset_Handler                            0x08000145   Thumb Code     8  startup_stm32f103xe.o(.text)
    SVC_Handler                              0x08000157   Thumb Code     2  startup_stm32f103xe.o(.text)
    PendSV_Handler                           0x0800015b   Thumb Code     2  startup_stm32f103xe.o(.text)
    ADC1_2_IRQHandler                        0x0800015f   Thumb Code     0  startup_stm32f103xe.o(.text)
    ADC3_IRQHandler                          0x0800015f   Thumb Code     0  startup_stm32f103xe.o(.text)
    CAN1_RX1_IRQHandler                      0x0800015f   Thumb Code     0  startup_stm32f103xe.o(.text)
    CAN1_SCE_IRQHandler                      0x0800015f   Thumb Code     0  startup_stm32f103xe.o(.text)
    DMA1_Channel1_IRQHandler                 0x0800015f   Thumb Code     0  startup_stm32f103xe.o(.text)
    DMA1_Channel2_IRQHandler                 0x0800015f   Thumb Code     0  startup_stm32f103xe.o(.text)
    DMA1_Channel3_IRQHandler                 0x0800015f   Thumb Code     0  startup_stm32f103xe.o(.text)
    DMA1_Channel4_IRQHandler                 0x0800015f   Thumb Code     0  startup_stm32f103xe.o(.text)
    DMA1_Channel5_IRQHandler                 0x0800015f   Thumb Code     0  startup_stm32f103xe.o(.text)
    DMA1_Channel6_IRQHandler                 0x0800015f   Thumb Code     0  startup_stm32f103xe.o(.text)
    DMA1_Channel7_IRQHandler                 0x0800015f   Thumb Code     0  startup_stm32f103xe.o(.text)
    DMA2_Channel1_IRQHandler                 0x0800015f   Thumb Code     0  startup_stm32f103xe.o(.text)
    DMA2_Channel2_IRQHandler                 0x0800015f   Thumb Code     0  startup_stm32f103xe.o(.text)
    DMA2_Channel3_IRQHandler                 0x0800015f   Thumb Code     0  startup_stm32f103xe.o(.text)
    DMA2_Channel4_5_IRQHandler               0x0800015f   Thumb Code     0  startup_stm32f103xe.o(.text)
    EXTI0_IRQHandler                         0x0800015f   Thumb Code     0  startup_stm32f103xe.o(.text)
    EXTI15_10_IRQHandler                     0x0800015f   Thumb Code     0  startup_stm32f103xe.o(.text)
    EXTI1_IRQHandler                         0x0800015f   Thumb Code     0  startup_stm32f103xe.o(.text)
    EXTI2_IRQHandler                         0x0800015f   Thumb Code     0  startup_stm32f103xe.o(.text)
    EXTI3_IRQHandler                         0x0800015f   Thumb Code     0  startup_stm32f103xe.o(.text)
    EXTI4_IRQHandler                         0x0800015f   Thumb Code     0  startup_stm32f103xe.o(.text)
    EXTI9_5_IRQHandler                       0x0800015f   Thumb Code     0  startup_stm32f103xe.o(.text)
    FLASH_IRQHandler                         0x0800015f   Thumb Code     0  startup_stm32f103xe.o(.text)
    FSMC_IRQHandler                          0x0800015f   Thumb Code     0  startup_stm32f103xe.o(.text)
    I2C2_ER_IRQHandler                       0x0800015f   Thumb Code     0  startup_stm32f103xe.o(.text)
    I2C2_EV_IRQHandler                       0x0800015f   Thumb Code     0  startup_stm32f103xe.o(.text)
    PVD_IRQHandler                           0x0800015f   Thumb Code     0  startup_stm32f103xe.o(.text)
    RCC_IRQHandler                           0x0800015f   Thumb Code     0  startup_stm32f103xe.o(.text)
    RTC_Alarm_IRQHandler                     0x0800015f   Thumb Code     0  startup_stm32f103xe.o(.text)
    RTC_IRQHandler                           0x0800015f   Thumb Code     0  startup_stm32f103xe.o(.text)
    SDIO_IRQHandler                          0x0800015f   Thumb Code     0  startup_stm32f103xe.o(.text)
    SPI2_IRQHandler                          0x0800015f   Thumb Code     0  startup_stm32f103xe.o(.text)
    SPI3_IRQHandler                          0x0800015f   Thumb Code     0  startup_stm32f103xe.o(.text)
    TAMPER_IRQHandler                        0x0800015f   Thumb Code     0  startup_stm32f103xe.o(.text)
    TIM1_BRK_IRQHandler                      0x0800015f   Thumb Code     0  startup_stm32f103xe.o(.text)
    TIM1_TRG_COM_IRQHandler                  0x0800015f   Thumb Code     0  startup_stm32f103xe.o(.text)
    TIM1_UP_IRQHandler                       0x0800015f   Thumb Code     0  startup_stm32f103xe.o(.text)
    TIM2_IRQHandler                          0x0800015f   Thumb Code     0  startup_stm32f103xe.o(.text)
    TIM3_IRQHandler                          0x0800015f   Thumb Code     0  startup_stm32f103xe.o(.text)
    TIM4_IRQHandler                          0x0800015f   Thumb Code     0  startup_stm32f103xe.o(.text)
    TIM5_IRQHandler                          0x0800015f   Thumb Code     0  startup_stm32f103xe.o(.text)
    TIM6_IRQHandler                          0x0800015f   Thumb Code     0  startup_stm32f103xe.o(.text)
    TIM7_IRQHandler                          0x0800015f   Thumb Code     0  startup_stm32f103xe.o(.text)
    TIM8_BRK_IRQHandler                      0x0800015f   Thumb Code     0  startup_stm32f103xe.o(.text)
    TIM8_CC_IRQHandler                       0x0800015f   Thumb Code     0  startup_stm32f103xe.o(.text)
    TIM8_TRG_COM_IRQHandler                  0x0800015f   Thumb Code     0  startup_stm32f103xe.o(.text)
    TIM8_UP_IRQHandler                       0x0800015f   Thumb Code     0  startup_stm32f103xe.o(.text)
    UART4_IRQHandler                         0x0800015f   Thumb Code     0  startup_stm32f103xe.o(.text)
    UART5_IRQHandler                         0x0800015f   Thumb Code     0  startup_stm32f103xe.o(.text)
    USART2_IRQHandler                        0x0800015f   Thumb Code     0  startup_stm32f103xe.o(.text)
    USART3_IRQHandler                        0x0800015f   Thumb Code     0  startup_stm32f103xe.o(.text)
    USBWakeUp_IRQHandler                     0x0800015f   Thumb Code     0  startup_stm32f103xe.o(.text)
    USB_HP_CAN1_TX_IRQHandler                0x0800015f   Thumb Code     0  startup_stm32f103xe.o(.text)
    USB_LP_CAN1_RX0_IRQHandler               0x0800015f   Thumb Code     0  startup_stm32f103xe.o(.text)
    WWDG_IRQHandler                          0x0800015f   Thumb Code     0  startup_stm32f103xe.o(.text)
    __aeabi_llsr                             0x08000169   Thumb Code    32  llushr.o(.text)
    _ll_ushift_r                             0x08000169   Thumb Code     0  llushr.o(.text)
    __aeabi_memcpy                           0x08000189   Thumb Code    36  memcpya.o(.text)
    __aeabi_memcpy4                          0x08000189   Thumb Code     0  memcpya.o(.text)
    __aeabi_memcpy8                          0x08000189   Thumb Code     0  memcpya.o(.text)
    strlen                                   0x080001ad   Thumb Code    14  strlen.o(.text)
    __aeabi_fmul                             0x080001bb   Thumb Code   100  fmul.o(.text)
    __ARM_scalbn                             0x0800021f   Thumb Code    46  dscalb.o(.text)
    scalbn                                   0x0800021f   Thumb Code     0  dscalb.o(.text)
    __aeabi_i2d                              0x0800024d   Thumb Code    34  dflti.o(.text)
    __aeabi_f2iz                             0x0800026f   Thumb Code    50  ffixi.o(.text)
    __aeabi_f2d                              0x080002a1   Thumb Code    38  f2d.o(.text)
    __aeabi_d2f                              0x080002c7   Thumb Code    56  d2f.o(.text)
    __aeabi_uidiv                            0x080002ff   Thumb Code     0  uidiv.o(.text)
    __aeabi_uidivmod                         0x080002ff   Thumb Code    44  uidiv.o(.text)
    __aeabi_uldivmod                         0x0800032b   Thumb Code    98  uldiv.o(.text)
    __I$use$fp                               0x0800038d   Thumb Code     0  iusefp.o(.text)
    _float_round                             0x0800038d   Thumb Code    18  fepilogue.o(.text)
    _float_epilogue                          0x0800039f   Thumb Code    92  fepilogue.o(.text)
    _double_round                            0x080003fb   Thumb Code    30  depilogue.o(.text)
    _double_epilogue                         0x08000419   Thumb Code   156  depilogue.o(.text)
    __aeabi_dadd                             0x080004b5   Thumb Code   322  dadd.o(.text)
    __aeabi_dsub                             0x080005f7   Thumb Code     6  dadd.o(.text)
    __aeabi_drsub                            0x080005fd   Thumb Code     6  dadd.o(.text)
    __aeabi_dmul                             0x08000603   Thumb Code   228  dmul.o(.text)
    __aeabi_ddiv                             0x080006e7   Thumb Code   222  ddiv.o(.text)
    __aeabi_d2ulz                            0x080007c5   Thumb Code    48  dfixul.o(.text)
    __aeabi_cdrcmple                         0x080007f5   Thumb Code    48  cdrcmple.o(.text)
    __scatterload                            0x08000825   Thumb Code    28  init.o(.text)
    __scatterload_rt2                        0x08000825   Thumb Code     0  init.o(.text)
    __aeabi_llsl                             0x08000849   Thumb Code    30  llshl.o(.text)
    _ll_shift_l                              0x08000849   Thumb Code     0  llshl.o(.text)
    __aeabi_lasr                             0x08000867   Thumb Code    36  llsshr.o(.text)
    _ll_sshift_r                             0x08000867   Thumb Code     0  llsshr.o(.text)
    A1_CONTROL_A2_FUN                        0x0800088d   Thumb Code   656  a1_fun.o(i.A1_CONTROL_A2_FUN)
    A1_FUN                                   0x08000b39   Thumb Code   694  a1_fun.o(i.A1_FUN)
    A1_ReadData_A2_Fun                       0x08000e19   Thumb Code   210  a1_fun.o(i.A1_ReadData_A2_Fun)
    A1_ReadData_FUN                          0x08000f11   Thumb Code   110  a1_fun.o(i.A1_ReadData_FUN)
    A1_ReadEprom_Value                       0x08000f99   Thumb Code   128  drv8825.o(i.A1_ReadEprom_Value)
    A2_LAMP_Read_BrightValue                 0x08001041   Thumb Code    42  bsp_lamp.o(i.A2_LAMP_Read_BrightValue)
    A2_Pulse_RealTime_Value                  0x08001095   Thumb Code    74  drv8825.o(i.A2_Pulse_RealTime_Value)
    BusFault_Handler                         0x08001101   Thumb Code     2  stm32f1xx_it.o(i.BusFault_Handler)
    DRV8825_CCW_AxisMoveRel                  0x08001105   Thumb Code    50  drv8825.o(i.DRV8825_CCW_AxisMoveRel)
    DRV8825_CW_AxisMoveRel                   0x08001145   Thumb Code    50  drv8825.o(i.DRV8825_CW_AxisMoveRel)
    DRV8825_ReadSpeed                        0x08001185   Thumb Code    34  drv8825.o(i.DRV8825_ReadSpeed)
    DRV8825_Read_CurrentPosition             0x080011ad   Thumb Code    72  drv8825.o(i.DRV8825_Read_CurrentPosition)
    DRV8825_Save_CurrentPosition             0x080011f9   Thumb Code   134  drv8825.o(i.DRV8825_Save_CurrentPosition)
    DRV8825_SetSpeed                         0x080012a9   Thumb Code   158  drv8825.o(i.DRV8825_SetSpeed)
    DRV8825_StopMove                         0x08001355   Thumb Code    72  drv8825.o(i.DRV8825_StopMove)
    DS18B20_GetTemp_MatchRom                 0x080013c3   Thumb Code   120  bsp_ds18b20.o(i.DS18B20_GetTemp_MatchRom)
    DS18B20_Init                             0x0800143d   Thumb Code    46  bsp_ds18b20.o(i.DS18B20_Init)
    DS18B20_ReadId                           0x08001571   Thumb Code    28  bsp_ds18b20.o(i.DS18B20_ReadId)
    DebugMon_Handler                         0x08001625   Thumb Code     2  stm32f1xx_it.o(i.DebugMon_Handler)
    Dec_To_Hex                               0x08001629   Thumb Code   232  hextodec.o(i.Dec_To_Hex)
    Display_EEPROM_Value                     0x080017bd   Thumb Code   186  drv8825.o(i.Display_EEPROM_Value)
    EEPROM_CheckOk                           0x080018bd   Thumb Code    22  bsp_eeprom.o(i.EEPROM_CheckOk)
    EEPROM_Clear_Buf                         0x080018d5   Thumb Code    94  drv8825.o(i.EEPROM_Clear_Buf)
    EEPROM_ReadBytes                         0x08001945   Thumb Code   106  bsp_eeprom.o(i.EEPROM_ReadBytes)
    EEPROM_WriteBytes                        0x080019af   Thumb Code   114  bsp_eeprom.o(i.EEPROM_WriteBytes)
    GENERAL_TIMx_Init                        0x08001a21   Thumb Code    98  bsp_generaltim.o(i.GENERAL_TIMx_Init)
    HAL_Delay                                0x08001a91   Thumb Code    22  stm32f1xx_hal.o(i.HAL_Delay)
    HAL_GPIO_Init                            0x08001aa9   Thumb Code   488  stm32f1xx_hal_gpio.o(i.HAL_GPIO_Init)
    HAL_GPIO_ReadPin                         0x08001cb9   Thumb Code    14  stm32f1xx_hal_gpio.o(i.HAL_GPIO_ReadPin)
    HAL_GPIO_WritePin                        0x08001cc7   Thumb Code    14  stm32f1xx_hal_gpio.o(i.HAL_GPIO_WritePin)
    HAL_GetTick                              0x08001cd5   Thumb Code     6  stm32f1xx_hal.o(i.HAL_GetTick)
    HAL_I2C_ER_IRQHandler                    0x08001ce1   Thumb Code   230  stm32f1xx_hal_i2c.o(i.HAL_I2C_ER_IRQHandler)
    HAL_I2C_EV_IRQHandler                    0x08001dc7   Thumb Code   298  stm32f1xx_hal_i2c.o(i.HAL_I2C_EV_IRQHandler)
    HAL_I2C_ErrorCallback                    0x08001ef1   Thumb Code     2  stm32f1xx_hal_i2c.o(i.HAL_I2C_ErrorCallback)
    HAL_I2C_Init                             0x08001ef5   Thumb Code   162  stm32f1xx_hal_i2c.o(i.HAL_I2C_Init)
    HAL_I2C_MasterRxCpltCallback             0x08001fa1   Thumb Code     2  stm32f1xx_hal_i2c.o(i.HAL_I2C_MasterRxCpltCallback)
    HAL_I2C_MasterTxCpltCallback             0x08001fa3   Thumb Code     2  stm32f1xx_hal_i2c.o(i.HAL_I2C_MasterTxCpltCallback)
    HAL_I2C_MemRxCpltCallback                0x08001fa5   Thumb Code     2  stm32f1xx_hal_i2c.o(i.HAL_I2C_MemRxCpltCallback)
    HAL_I2C_MemTxCpltCallback                0x08001fa7   Thumb Code     2  stm32f1xx_hal_i2c.o(i.HAL_I2C_MemTxCpltCallback)
    HAL_I2C_MspInit                          0x08001fa9   Thumb Code    94  bsp_i2c.o(i.HAL_I2C_MspInit)
    HAL_I2C_SlaveRxCpltCallback              0x08002011   Thumb Code    84  main.o(i.HAL_I2C_SlaveRxCpltCallback)
    HAL_I2C_SlaveTxCpltCallback              0x080020a9   Thumb Code     2  stm32f1xx_hal_i2c.o(i.HAL_I2C_SlaveTxCpltCallback)
    HAL_I2C_Slave_Receive_IT                 0x080020ad   Thumb Code   126  stm32f1xx_hal_i2c.o(i.HAL_I2C_Slave_Receive_IT)
    HAL_IncTick                              0x08002131   Thumb Code    10  stm32f1xx_hal.o(i.HAL_IncTick)
    HAL_Init                                 0x08002141   Thumb Code    32  stm32f1xx_hal.o(i.HAL_Init)
    HAL_InitTick                             0x08002165   Thumb Code    34  stm32f1xx_hal.o(i.HAL_InitTick)
    HAL_MspInit                              0x08002189   Thumb Code    86  stm32f1xx_hal_msp.o(i.HAL_MspInit)
    HAL_NVIC_EnableIRQ                       0x080021e5   Thumb Code    22  stm32f1xx_hal_cortex.o(i.HAL_NVIC_EnableIRQ)
    HAL_NVIC_SetPriority                     0x080021fd   Thumb Code    60  stm32f1xx_hal_cortex.o(i.HAL_NVIC_SetPriority)
    HAL_NVIC_SetPriorityGrouping             0x0800223d   Thumb Code    26  stm32f1xx_hal_cortex.o(i.HAL_NVIC_SetPriorityGrouping)
    HAL_RCC_ClockConfig                      0x08002261   Thumb Code   688  stm32f1xx_hal_rcc.o(i.HAL_RCC_ClockConfig)
    HAL_RCC_GetHCLKFreq                      0x08002519   Thumb Code    38  stm32f1xx_hal_rcc.o(i.HAL_RCC_GetHCLKFreq)
    HAL_RCC_GetPCLK1Freq                     0x0800254d   Thumb Code    36  stm32f1xx_hal_rcc.o(i.HAL_RCC_GetPCLK1Freq)
    HAL_RCC_GetPCLK2Freq                     0x08002579   Thumb Code    36  stm32f1xx_hal_rcc.o(i.HAL_RCC_GetPCLK2Freq)
    HAL_RCC_GetSysClockFreq                  0x080025a5   Thumb Code   112  stm32f1xx_hal_rcc.o(i.HAL_RCC_GetSysClockFreq)
    HAL_RCC_OscConfig                        0x08002635   Thumb Code  1704  stm32f1xx_hal_rcc.o(i.HAL_RCC_OscConfig)
    HAL_SPI_ErrorCallback                    0x08002cdd   Thumb Code     2  stm32f1xx_hal_spi.o(i.HAL_SPI_ErrorCallback)
    HAL_SPI_IRQHandler                       0x08002cdf   Thumb Code   182  stm32f1xx_hal_spi.o(i.HAL_SPI_IRQHandler)
    HAL_SPI_Init                             0x08002d95   Thumb Code   134  stm32f1xx_hal_spi_ex.o(i.HAL_SPI_Init)
    HAL_SPI_MspInit                          0x08002e21   Thumb Code   150  bsp_spi.o(i.HAL_SPI_MspInit)
    HAL_SPI_Transmit                         0x08002ec5   Thumb Code   402  stm32f1xx_hal_spi.o(i.HAL_SPI_Transmit)
    HAL_SYSTICK_CLKSourceConfig              0x08003057   Thumb Code    28  stm32f1xx_hal_cortex.o(i.HAL_SYSTICK_CLKSourceConfig)
    HAL_SYSTICK_Callback                     0x08003073   Thumb Code     2  stm32f1xx_hal_cortex.o(i.HAL_SYSTICK_Callback)
    HAL_SYSTICK_Config                       0x08003075   Thumb Code    40  stm32f1xx_hal_cortex.o(i.HAL_SYSTICK_Config)
    HAL_SYSTICK_IRQHandler                   0x0800309d   Thumb Code     8  stm32f1xx_hal_cortex.o(i.HAL_SYSTICK_IRQHandler)
    HAL_TIMEx_ConfigBreakDeadTime            0x080030a5   Thumb Code    66  stm32f1xx_hal_tim_ex.o(i.HAL_TIMEx_ConfigBreakDeadTime)
    HAL_TIMEx_MasterConfigSynchronization    0x080030e7   Thumb Code    80  stm32f1xx_hal_tim_ex.o(i.HAL_TIMEx_MasterConfigSynchronization)
    HAL_TIM_Base_Init                        0x08003137   Thumb Code    56  stm32f1xx_hal_tim.o(i.HAL_TIM_Base_Init)
    HAL_TIM_Base_MspInit                     0x08003171   Thumb Code    54  bsp_stepmotor.o(i.HAL_TIM_Base_MspInit)
    HAL_TIM_Base_Start                       0x080031b5   Thumb Code    26  stm32f1xx_hal_tim.o(i.HAL_TIM_Base_Start)
    HAL_TIM_ConfigClockSource                0x080031cf   Thumb Code   270  stm32f1xx_hal_tim.o(i.HAL_TIM_ConfigClockSource)
    HAL_TIM_MspPostInit                      0x080032dd   Thumb Code    56  bsp_generaltim.o(i.HAL_TIM_MspPostInit)
    HAL_TIM_OC_ConfigChannel                 0x08003321   Thumb Code    84  stm32f1xx_hal_tim.o(i.HAL_TIM_OC_ConfigChannel)
    HAL_TIM_OC_Init                          0x08003375   Thumb Code    56  stm32f1xx_hal_tim.o(i.HAL_TIM_OC_Init)
    HAL_TIM_OC_MspInit                       0x080033ad   Thumb Code     2  stm32f1xx_hal_tim.o(i.HAL_TIM_OC_MspInit)
    HAL_TIM_OC_Start_IT                      0x080033b1   Thumb Code   106  stm32f1xx_hal_tim.o(i.HAL_TIM_OC_Start_IT)
    HAL_TIM_OC_Stop                          0x08003425   Thumb Code    78  stm32f1xx_hal_tim.o(i.HAL_TIM_OC_Stop)
    HAL_TIM_OC_Stop_IT                       0x0800347d   Thumb Code   136  stm32f1xx_hal_tim.o(i.HAL_TIM_OC_Stop_IT)
    HAL_TIM_PWM_ConfigChannel                0x0800350d   Thumb Code   218  stm32f1xx_hal_tim.o(i.HAL_TIM_PWM_ConfigChannel)
    HAL_TIM_PWM_Start                        0x080035e9   Thumb Code    48  stm32f1xx_hal_tim.o(i.HAL_TIM_PWM_Start)
    HAL_UART_ErrorCallback                   0x08003621   Thumb Code     2  stm32f1xx_hal_uart.o(i.HAL_UART_ErrorCallback)
    HAL_UART_IRQHandler                      0x08003623   Thumb Code   190  stm32f1xx_hal_uart.o(i.HAL_UART_IRQHandler)
    HAL_UART_Init                            0x080036e1   Thumb Code    96  stm32f1xx_hal_uart.o(i.HAL_UART_Init)
    HAL_UART_MspInit                         0x08003741   Thumb Code    76  bsp_usartx.o(i.HAL_UART_MspInit)
    HAL_UART_Receive_IT                      0x08003799   Thumb Code   112  stm32f1xx_hal_uart.o(i.HAL_UART_Receive_IT)
    HAL_UART_RxCpltCallback                  0x08003809   Thumb Code  1118  main.o(i.HAL_UART_RxCpltCallback)
    HAL_UART_Transmit                        0x08003c67   Thumb Code   216  stm32f1xx_hal_uart.o(i.HAL_UART_Transmit)
    HAL_UART_TxCpltCallback                  0x08003d3f   Thumb Code     2  stm32f1xx_hal_uart.o(i.HAL_UART_TxCpltCallback)
    HardFault_Handler                        0x08003d41   Thumb Code     2  stm32f1xx_it.o(i.HardFault_Handler)
    Hex2oct_LSB                              0x08003d45   Thumb Code    54  hextodec.o(i.Hex2oct_LSB)
    Hex2oct_MD1                              0x08003d81   Thumb Code    56  hextodec.o(i.Hex2oct_MD1)
    Hex2oct_MD2                              0x08003dbd   Thumb Code    56  hextodec.o(i.Hex2oct_MD2)
    Hex2oct_MSB                              0x08003df9   Thumb Code    56  hextodec.o(i.Hex2oct_MSB)
    I2C1_ER_IRQHandler                       0x08003e35   Thumb Code     6  stm32f1xx_it.o(i.I2C1_ER_IRQHandler)
    I2C1_EV_IRQHandler                       0x08003e41   Thumb Code     6  stm32f1xx_it.o(i.I2C1_EV_IRQHandler)
    I2C_Ack                                  0x08003e4d   Thumb Code    60  bsp_eeprom.o(i.I2C_Ack)
    I2C_CheckDevice                          0x08003e8d   Thumb Code    32  bsp_eeprom.o(i.I2C_CheckDevice)
    I2C_NAck                                 0x080040bd   Thumb Code    50  bsp_eeprom.o(i.I2C_NAck)
    I2C_ReadByte                             0x080040f5   Thumb Code    66  bsp_eeprom.o(i.I2C_ReadByte)
    I2C_SendByte                             0x0800413d   Thumb Code    94  bsp_eeprom.o(i.I2C_SendByte)
    I2C_Start                                0x08004281   Thumb Code    60  bsp_eeprom.o(i.I2C_Start)
    I2C_Stop                                 0x080042c1   Thumb Code    42  bsp_eeprom.o(i.I2C_Stop)
    I2C_WaitAck                              0x080042f1   Thumb Code    66  bsp_eeprom.o(i.I2C_WaitAck)
    KEY1_StateRead                           0x080043e9   Thumb Code    50  bsp_key.o(i.KEY1_StateRead)
    KEY2_StateRead                           0x08004421   Thumb Code    54  bsp_key.o(i.KEY2_StateRead)
    KEY3_StateRead                           0x0800445d   Thumb Code    50  bsp_key.o(i.KEY3_StateRead)
    KEY_GPIO_Init                            0x08004495   Thumb Code   110  bsp_key.o(i.KEY_GPIO_Init)
    LAMP_Read_BrightValue                    0x0800450d   Thumb Code    66  bsp_lamp.o(i.LAMP_Read_BrightValue)
    LAMP_Save_BrightValue                    0x08004579   Thumb Code   156  bsp_lamp.o(i.LAMP_Save_BrightValue)
    LED_GPIO_Init                            0x08004621   Thumb Code   146  bsp_led.o(i.LED_GPIO_Init)
    MX_I2C_EEPROM_Init                       0x080046bd   Thumb Code    40  bsp_i2c.o(i.MX_I2C_EEPROM_Init)
    MX_USARTx_Init                           0x08004709   Thumb Code    60  bsp_usartx.o(i.MX_USARTx_Init)
    MemManage_Handler                        0x08004751   Thumb Code     2  stm32f1xx_it.o(i.MemManage_Handler)
    Motor_Save_EndPosition                   0x08004755   Thumb Code   134  drv8825.o(i.Motor_Save_EndPosition)
    NMI_Handler                              0x08004805   Thumb Code     2  stm32f1xx_it.o(i.NMI_Handler)
    PC_A2_DRV8825_ReadSpeed                  0x08004829   Thumb Code    42  drv8825.o(i.PC_A2_DRV8825_ReadSpeed)
    PC_A2_Pulse_EEPROM_Value                 0x08004879   Thumb Code    78  drv8825.o(i.PC_A2_Pulse_EEPROM_Value)
    PC_DRV8825_ReadSpeed                     0x080048f1   Thumb Code    72  drv8825.o(i.PC_DRV8825_ReadSpeed)
    SPI1_IRQHandler                          0x08004961   Thumb Code     6  stm32f1xx_it.o(i.SPI1_IRQHandler)
    SPI_COMM_Function                        0x0800496d   Thumb Code   118  spi_comm.o(i.SPI_COMM_Function)
    SPIx_Init                                0x08004b65   Thumb Code    62  bsp_spi.o(i.SPIx_Init)
    STEPMOTOR_AxisMoveAbs                    0x08004bad   Thumb Code    82  bsp_stepmotor.o(i.STEPMOTOR_AxisMoveAbs)
    STEPMOTOR_AxisMoveRel                    0x08004c29   Thumb Code   278  bsp_stepmotor.o(i.STEPMOTOR_AxisMoveRel)
    STEPMOTOR_PC_AxisMoveAbs                 0x08004e09   Thumb Code   126  bsp_stepmotor.o(i.STEPMOTOR_PC_AxisMoveAbs)
    STEPMOTOR_TIMx_Init                      0x08004e95   Thumb Code   172  bsp_stepmotor.o(i.STEPMOTOR_TIMx_Init)
    Set_NewOrigin_Position                   0x08004f4d   Thumb Code   218  drv8825.o(i.Set_NewOrigin_Position)
    SysTick_Handler                          0x08005041   Thumb Code    14  stm32f1xx_it.o(i.SysTick_Handler)
    SystemClock_Config                       0x0800504f   Thumb Code    92  main.o(i.SystemClock_Config)
    SystemInit                               0x080050ad   Thumb Code    56  system_stm32f1xx.o(i.SystemInit)
    TIM1_CC_IRQHandler                       0x080050f5   Thumb Code   262  bsp_stepmotor.o(i.TIM1_CC_IRQHandler)
    TIM_Base_SetConfig                       0x08005215   Thumb Code   116  stm32f1xx_hal_tim.o(i.TIM_Base_SetConfig)
    TIM_CCxChannelCmd                        0x0800529d   Thumb Code    22  stm32f1xx_hal_tim.o(i.TIM_CCxChannelCmd)
    TIM_OC2_SetConfig                        0x08005341   Thumb Code   106  stm32f1xx_hal_tim.o(i.TIM_OC2_SetConfig)
    USART1_IRQHandler                        0x080057d5   Thumb Code     6  stm32f1xx_it.o(i.USART1_IRQHandler)
    UsageFault_Handler                       0x080057e1   Thumb Code     2  stm32f1xx_it.o(i.UsageFault_Handler)
    __0printf                                0x080057e5   Thumb Code    22  printfa.o(i.__0printf)
    __1printf                                0x080057e5   Thumb Code     0  printfa.o(i.__0printf)
    __2printf                                0x080057e5   Thumb Code     0  printfa.o(i.__0printf)
    __c89printf                              0x080057e5   Thumb Code     0  printfa.o(i.__0printf)
    printf                                   0x080057e5   Thumb Code     0  printfa.o(i.__0printf)
    __scatterload_copy                       0x08005805   Thumb Code    14  handlers.o(i.__scatterload_copy)
    __scatterload_null                       0x08005813   Thumb Code     2  handlers.o(i.__scatterload_null)
    __scatterload_zeroinit                   0x08005815   Thumb Code    14  handlers.o(i.__scatterload_zeroinit)
    fputc                                    0x080060b9   Thumb Code    20  bsp_usartx.o(i.fputc)
    main                                     0x080060d1   Thumb Code   534  main.o(i.main)
    aAPBAHBPrescTable                        0x080063e8   Data          16  stm32f1xx_hal_rcc.o(.constdata)
    dec                                      0x080063f8   Data          16  hextodec.o(.constdata)
    Region$$Table$$Base                      0x08006408   Number         0  anon$$obj.o(Region$$Table)
    Region$$Table$$Limit                     0x08006428   Number         0  anon$$obj.o(Region$$Table)
    SystemCoreClock                          0x20000000   Data           4  system_stm32f1xx.o(.data)
    uCRCErrorWorkaroundCheck                 0x20000008   Data           1  stm32f1xx_hal_spi_ex.o(.data)
    re_intrrupt_flag                         0x2000000a   Data           1  main.o(.data)
    PB8_flag                                 0x2000000b   Data           1  main.o(.data)
    SPI_TX_FLAG                              0x2000000c   Data           1  main.o(.data)
    A1_CONTROL_A2_FLAG                       0x2000000e   Data           1  main.o(.data)
    A1_Read_FLAG                             0x2000000f   Data           1  main.o(.data)
    A1_Read_Temp                             0x20000010   Data           1  main.o(.data)
    MOTOR_STOP_FLAG                          0x20000011   Data           1  main.o(.data)
    A1_ReadData_A2_Flag                      0x20000012   Data           1  main.o(.data)
    i2c_rx_data                              0x20000013   Data           1  main.o(.data)
    judge_data                               0x20000014   Data           2  main.o(.data)
    A1_Read_A2_Judge                         0x20000016   Data           2  main.o(.data)
    repcdata                                 0x20000018   Data           3  main.o(.data)
    I2C_RX_SAVE_Buffer                       0x2000001b   Data           3  main.o(.data)
    stop_flag                                0x20000020   Data           1  drv8825.o(.data)
    NewOrigin_flag                           0x20000021   Data           1  drv8825.o(.data)
    Brightness                               0x20000028   Data           1  bsp_generaltim.o(.data)
    END_STOP_FLAG                            0x2000002c   Data           1  bsp_stepmotor.o(.data)
    Toggle_Pulse                             0x2000002e   Data           2  bsp_stepmotor.o(.data)
    LimPosi                                  0x20000034   Data           4  bsp_stepmotor.o(.data)
    LimNega                                  0x20000038   Data           4  bsp_stepmotor.o(.data)
    step_count                               0x2000003c   Data           4  bsp_stepmotor.o(.data)
    PulseNumbers                             0x20000040   Data           4  bsp_stepmotor.o(.data)
    ABS_Distance                             0x20000044   Data           4  bsp_stepmotor.o(.data)
    END_A1_READ_A2_RealTime_FLAG             0x20000048   Data           1  bsp_stepmotor.o(.data)
    SPI_TX_flag                              0x20000049   Data           1  spi_comm.o(.data)
    SPI_aTxBuffer                            0x2000004a   Data           7  spi_comm.o(.data)
    test_aTxBuffer                           0x20000051   Data           7  spi_comm.o(.data)
    __stdout                                 0x20000058   Data           4  stdout.o(.data)
    aRxBuffer                                0x2000005c   Data         256  main.o(.bss)
    husartx                                  0x2000015c   Data          64  bsp_usartx.o(.bss)
    htimx                                    0x2000019c   Data          60  bsp_generaltim.o(.bss)
    srd                                      0x200001d8   Data          12  bsp_stepmotor.o(.bss)
    htimx_STEPMOTOR                          0x200001e4   Data          60  bsp_stepmotor.o(.bss)
    I2c_Buf_Write                            0x20000220   Data         256  bsp_stepmotor.o(.bss)
    I2c_Buf_Read                             0x20000320   Data         256  bsp_stepmotor.o(.bss)
    hspi_SPI                                 0x20000420   Data          88  bsp_spi.o(.bss)
    I2cHandle                                0x20000478   Data          60  bsp_i2c.o(.bss)
    __initial_sp                             0x200014b8   Data           0  startup_stm32f103xe.o(STACK)



==============================================================================

Memory Map of the image

  Image Entry point : 0x08000131

  Load Region LR_IROM1 (Base: 0x08000000, Size: 0x00006484, Max: 0x00010000, ABSOLUTE)

    Execution Region ER_IROM1 (Base: 0x08000000, Size: 0x00006428, Max: 0x00010000, ABSOLUTE)

    Base Addr    Size         Type   Attr      Idx    E Section Name        Object

    0x08000000   0x00000130   Data   RO            3    RESET               startup_stm32f103xe.o
    0x08000130   0x00000000   Code   RO         7375  * .ARM.Collect$$$$00000000  mc_w.l(entry.o)
    0x08000130   0x00000004   Code   RO         7661    .ARM.Collect$$$$00000001  mc_w.l(entry2.o)
    0x08000134   0x00000004   Code   RO         7664    .ARM.Collect$$$$00000004  mc_w.l(entry5.o)
    0x08000138   0x00000000   Code   RO         7666    .ARM.Collect$$$$00000008  mc_w.l(entry7b.o)
    0x08000138   0x00000000   Code   RO         7668    .ARM.Collect$$$$0000000A  mc_w.l(entry8b.o)
    0x08000138   0x00000008   Code   RO         7669    .ARM.Collect$$$$0000000B  mc_w.l(entry9a.o)
    0x08000140   0x00000000   Code   RO         7671    .ARM.Collect$$$$0000000D  mc_w.l(entry10a.o)
    0x08000140   0x00000000   Code   RO         7673    .ARM.Collect$$$$0000000F  mc_w.l(entry11a.o)
    0x08000140   0x00000004   Code   RO         7662    .ARM.Collect$$$$00002712  mc_w.l(entry2.o)
    0x08000144   0x00000024   Code   RO            4    .text               startup_stm32f103xe.o
    0x08000168   0x00000020   Code   RO         7378    .text               mc_w.l(llushr.o)
    0x08000188   0x00000024   Code   RO         7380    .text               mc_w.l(memcpya.o)
    0x080001ac   0x0000000e   Code   RO         7384    .text               mc_w.l(strlen.o)
    0x080001ba   0x00000064   Code   RO         7649    .text               mf_w.l(fmul.o)
    0x0800021e   0x0000002e   Code   RO         7651    .text               mf_w.l(dscalb.o)
    0x0800024c   0x00000022   Code   RO         7653    .text               mf_w.l(dflti.o)
    0x0800026e   0x00000032   Code   RO         7655    .text               mf_w.l(ffixi.o)
    0x080002a0   0x00000026   Code   RO         7657    .text               mf_w.l(f2d.o)
    0x080002c6   0x00000038   Code   RO         7659    .text               mf_w.l(d2f.o)
    0x080002fe   0x0000002c   Code   RO         7676    .text               mc_w.l(uidiv.o)
    0x0800032a   0x00000062   Code   RO         7678    .text               mc_w.l(uldiv.o)
    0x0800038c   0x00000000   Code   RO         7680    .text               mc_w.l(iusefp.o)
    0x0800038c   0x0000006e   Code   RO         7681    .text               mf_w.l(fepilogue.o)
    0x080003fa   0x000000ba   Code   RO         7683    .text               mf_w.l(depilogue.o)
    0x080004b4   0x0000014e   Code   RO         7685    .text               mf_w.l(dadd.o)
    0x08000602   0x000000e4   Code   RO         7687    .text               mf_w.l(dmul.o)
    0x080006e6   0x000000de   Code   RO         7689    .text               mf_w.l(ddiv.o)
    0x080007c4   0x00000030   Code   RO         7691    .text               mf_w.l(dfixul.o)
    0x080007f4   0x00000030   Code   RO         7693    .text               mf_w.l(cdrcmple.o)
    0x08000824   0x00000024   Code   RO         7695    .text               mc_w.l(init.o)
    0x08000848   0x0000001e   Code   RO         7697    .text               mc_w.l(llshl.o)
    0x08000866   0x00000024   Code   RO         7699    .text               mc_w.l(llsshr.o)
    0x0800088a   0x00000002   PAD
    0x0800088c   0x000002ac   Code   RO         7263    i.A1_CONTROL_A2_FUN  a1_fun.o
    0x08000b38   0x000002e0   Code   RO         7264    i.A1_FUN            a1_fun.o
    0x08000e18   0x000000f8   Code   RO         7265    i.A1_ReadData_A2_Fun  a1_fun.o
    0x08000f10   0x00000088   Code   RO         7266    i.A1_ReadData_FUN   a1_fun.o
    0x08000f98   0x000000a8   Code   RO         6535    i.A1_ReadEprom_Value  drv8825.o
    0x08001040   0x00000054   Code   RO         6991    i.A2_LAMP_Read_BrightValue  bsp_lamp.o
    0x08001094   0x0000006c   Code   RO         6536    i.A2_Pulse_RealTime_Value  drv8825.o
    0x08001100   0x00000002   Code   RO         6333    i.BusFault_Handler  stm32f1xx_it.o
    0x08001102   0x00000002   PAD
    0x08001104   0x00000040   Code   RO         6537    i.DRV8825_CCW_AxisMoveRel  drv8825.o
    0x08001144   0x00000040   Code   RO         6538    i.DRV8825_CW_AxisMoveRel  drv8825.o
    0x08001184   0x00000028   Code   RO         6539    i.DRV8825_ReadSpeed  drv8825.o
    0x080011ac   0x0000004c   Code   RO         6540    i.DRV8825_Read_CurrentPosition  drv8825.o
    0x080011f8   0x000000b0   Code   RO         6541    i.DRV8825_Save_CurrentPosition  drv8825.o
    0x080012a8   0x000000ac   Code   RO         6542    i.DRV8825_SetSpeed  drv8825.o
    0x08001354   0x00000058   Code   RO         6543    i.DRV8825_StopMove  drv8825.o
    0x080013ac   0x00000016   Code   RO         7029    i.DS18B20_Delay     bsp_ds18b20.o
    0x080013c2   0x00000078   Code   RO         7030    i.DS18B20_GetTemp_MatchRom  bsp_ds18b20.o
    0x0800143a   0x00000002   PAD
    0x0800143c   0x00000038   Code   RO         7032    i.DS18B20_Init      bsp_ds18b20.o
    0x08001474   0x00000014   Code   RO         7033    i.DS18B20_MatchRom  bsp_ds18b20.o
    0x08001488   0x0000001c   Code   RO         7034    i.DS18B20_Mode_IPU  bsp_ds18b20.o
    0x080014a4   0x0000001c   Code   RO         7035    i.DS18B20_Mode_Out_PP  bsp_ds18b20.o
    0x080014c0   0x00000058   Code   RO         7036    i.DS18B20_Presence  bsp_ds18b20.o
    0x08001518   0x0000003c   Code   RO         7037    i.DS18B20_ReadBit   bsp_ds18b20.o
    0x08001554   0x0000001c   Code   RO         7038    i.DS18B20_ReadByte  bsp_ds18b20.o
    0x08001570   0x0000001c   Code   RO         7039    i.DS18B20_ReadId    bsp_ds18b20.o
    0x0800158c   0x00000034   Code   RO         7040    i.DS18B20_Rst       bsp_ds18b20.o
    0x080015c0   0x00000064   Code   RO         7042    i.DS18B20_WriteByte  bsp_ds18b20.o
    0x08001624   0x00000002   Code   RO         6334    i.DebugMon_Handler  stm32f1xx_it.o
    0x08001626   0x00000002   PAD
    0x08001628   0x00000194   Code   RO         6939    i.Dec_To_Hex        hextodec.o
    0x080017bc   0x00000100   Code   RO         6544    i.Display_EEPROM_Value  drv8825.o
    0x080018bc   0x00000016   Code   RO         6845    i.EEPROM_CheckOk    bsp_eeprom.o
    0x080018d2   0x00000002   PAD
    0x080018d4   0x00000070   Code   RO         6545    i.EEPROM_Clear_Buf  drv8825.o
    0x08001944   0x0000006a   Code   RO         6846    i.EEPROM_ReadBytes  bsp_eeprom.o
    0x080019ae   0x00000072   Code   RO         6847    i.EEPROM_WriteBytes  bsp_eeprom.o
    0x08001a20   0x00000070   Code   RO         6684    i.GENERAL_TIMx_Init  bsp_generaltim.o
    0x08001a90   0x00000016   Code   RO          947    i.HAL_Delay         stm32f1xx_hal.o
    0x08001aa6   0x00000002   PAD
    0x08001aa8   0x00000210   Code   RO         1552    i.HAL_GPIO_Init     stm32f1xx_hal_gpio.o
    0x08001cb8   0x0000000e   Code   RO         1554    i.HAL_GPIO_ReadPin  stm32f1xx_hal_gpio.o
    0x08001cc6   0x0000000e   Code   RO         1556    i.HAL_GPIO_WritePin  stm32f1xx_hal_gpio.o
    0x08001cd4   0x0000000c   Code   RO          951    i.HAL_GetTick       stm32f1xx_hal.o
    0x08001ce0   0x000000e6   Code   RO         2732    i.HAL_I2C_ER_IRQHandler  stm32f1xx_hal_i2c.o
    0x08001dc6   0x0000012a   Code   RO         2733    i.HAL_I2C_EV_IRQHandler  stm32f1xx_hal_i2c.o
    0x08001ef0   0x00000002   Code   RO         2734    i.HAL_I2C_ErrorCallback  stm32f1xx_hal_i2c.o
    0x08001ef2   0x00000002   PAD
    0x08001ef4   0x000000ac   Code   RO         2737    i.HAL_I2C_Init      stm32f1xx_hal_i2c.o
    0x08001fa0   0x00000002   Code   RO         2739    i.HAL_I2C_MasterRxCpltCallback  stm32f1xx_hal_i2c.o
    0x08001fa2   0x00000002   Code   RO         2740    i.HAL_I2C_MasterTxCpltCallback  stm32f1xx_hal_i2c.o
    0x08001fa4   0x00000002   Code   RO         2747    i.HAL_I2C_MemRxCpltCallback  stm32f1xx_hal_i2c.o
    0x08001fa6   0x00000002   Code   RO         2748    i.HAL_I2C_MemTxCpltCallback  stm32f1xx_hal_i2c.o
    0x08001fa8   0x00000068   Code   RO         7215    i.HAL_I2C_MspInit   bsp_i2c.o
    0x08002010   0x00000098   Code   RO         6195    i.HAL_I2C_SlaveRxCpltCallback  main.o
    0x080020a8   0x00000002   Code   RO         2758    i.HAL_I2C_SlaveTxCpltCallback  stm32f1xx_hal_i2c.o
    0x080020aa   0x00000002   PAD
    0x080020ac   0x00000084   Code   RO         2761    i.HAL_I2C_Slave_Receive_IT  stm32f1xx_hal_i2c.o
    0x08002130   0x00000010   Code   RO          952    i.HAL_IncTick       stm32f1xx_hal.o
    0x08002140   0x00000024   Code   RO          953    i.HAL_Init          stm32f1xx_hal.o
    0x08002164   0x00000022   Code   RO          954    i.HAL_InitTick      stm32f1xx_hal.o
    0x08002186   0x00000002   PAD
    0x08002188   0x0000005c   Code   RO         6309    i.HAL_MspInit       stm32f1xx_hal_msp.o
    0x080021e4   0x00000016   Code   RO         1076    i.HAL_NVIC_EnableIRQ  stm32f1xx_hal_cortex.o
    0x080021fa   0x00000002   PAD
    0x080021fc   0x00000040   Code   RO         1082    i.HAL_NVIC_SetPriority  stm32f1xx_hal_cortex.o
    0x0800223c   0x00000024   Code   RO         1083    i.HAL_NVIC_SetPriorityGrouping  stm32f1xx_hal_cortex.o
    0x08002260   0x000002b8   Code   RO         1616    i.HAL_RCC_ClockConfig  stm32f1xx_hal_rcc.o
    0x08002518   0x00000034   Code   RO         1621    i.HAL_RCC_GetHCLKFreq  stm32f1xx_hal_rcc.o
    0x0800254c   0x0000002c   Code   RO         1623    i.HAL_RCC_GetPCLK1Freq  stm32f1xx_hal_rcc.o
    0x08002578   0x0000002c   Code   RO         1624    i.HAL_RCC_GetPCLK2Freq  stm32f1xx_hal_rcc.o
    0x080025a4   0x00000090   Code   RO         1625    i.HAL_RCC_GetSysClockFreq  stm32f1xx_hal_rcc.o
    0x08002634   0x000006a8   Code   RO         1628    i.HAL_RCC_OscConfig  stm32f1xx_hal_rcc.o
    0x08002cdc   0x00000002   Code   RO         4844    i.HAL_SPI_ErrorCallback  stm32f1xx_hal_spi.o
    0x08002cde   0x000000b6   Code   RO         4847    i.HAL_SPI_IRQHandler  stm32f1xx_hal_spi.o
    0x08002d94   0x0000008c   Code   RO         5085    i.HAL_SPI_Init      stm32f1xx_hal_spi_ex.o
    0x08002e20   0x000000a4   Code   RO         7131    i.HAL_SPI_MspInit   bsp_spi.o
    0x08002ec4   0x00000192   Code   RO         4856    i.HAL_SPI_Transmit  stm32f1xx_hal_spi.o
    0x08003056   0x0000001c   Code   RO         1085    i.HAL_SYSTICK_CLKSourceConfig  stm32f1xx_hal_cortex.o
    0x08003072   0x00000002   Code   RO         1086    i.HAL_SYSTICK_Callback  stm32f1xx_hal_cortex.o
    0x08003074   0x00000028   Code   RO         1087    i.HAL_SYSTICK_Config  stm32f1xx_hal_cortex.o
    0x0800309c   0x00000008   Code   RO         1088    i.HAL_SYSTICK_IRQHandler  stm32f1xx_hal_cortex.o
    0x080030a4   0x00000042   Code   RO         1318    i.HAL_TIMEx_ConfigBreakDeadTime  stm32f1xx_hal_tim_ex.o
    0x080030e6   0x00000050   Code   RO         1333    i.HAL_TIMEx_MasterConfigSynchronization  stm32f1xx_hal_tim_ex.o
    0x08003136   0x00000038   Code   RO          220    i.HAL_TIM_Base_Init  stm32f1xx_hal_tim.o
    0x0800316e   0x00000002   PAD
    0x08003170   0x00000044   Code   RO         6767    i.HAL_TIM_Base_MspInit  bsp_stepmotor.o
    0x080031b4   0x0000001a   Code   RO          223    i.HAL_TIM_Base_Start  stm32f1xx_hal_tim.o
    0x080031ce   0x0000010e   Code   RO          229    i.HAL_TIM_ConfigClockSource  stm32f1xx_hal_tim.o
    0x080032dc   0x00000044   Code   RO         6685    i.HAL_TIM_MspPostInit  bsp_generaltim.o
    0x08003320   0x00000054   Code   RO          263    i.HAL_TIM_OC_ConfigChannel  stm32f1xx_hal_tim.o
    0x08003374   0x00000038   Code   RO          267    i.HAL_TIM_OC_Init   stm32f1xx_hal_tim.o
    0x080033ac   0x00000002   Code   RO          269    i.HAL_TIM_OC_MspInit  stm32f1xx_hal_tim.o
    0x080033ae   0x00000002   PAD
    0x080033b0   0x00000074   Code   RO          272    i.HAL_TIM_OC_Start_IT  stm32f1xx_hal_tim.o
    0x08003424   0x00000058   Code   RO          273    i.HAL_TIM_OC_Stop   stm32f1xx_hal_tim.o
    0x0800347c   0x00000090   Code   RO          275    i.HAL_TIM_OC_Stop_IT  stm32f1xx_hal_tim.o
    0x0800350c   0x000000da   Code   RO          286    i.HAL_TIM_PWM_ConfigChannel  stm32f1xx_hal_tim.o
    0x080035e6   0x00000002   PAD
    0x080035e8   0x00000038   Code   RO          293    i.HAL_TIM_PWM_Start  stm32f1xx_hal_tim.o
    0x08003620   0x00000002   Code   RO         5250    i.HAL_UART_ErrorCallback  stm32f1xx_hal_uart.o
    0x08003622   0x000000be   Code   RO         5253    i.HAL_UART_IRQHandler  stm32f1xx_hal_uart.o
    0x080036e0   0x00000060   Code   RO         5254    i.HAL_UART_Init     stm32f1xx_hal_uart.o
    0x08003740   0x00000058   Code   RO         6447    i.HAL_UART_MspInit  bsp_usartx.o
    0x08003798   0x00000070   Code   RO         5259    i.HAL_UART_Receive_IT  stm32f1xx_hal_uart.o
    0x08003808   0x0000045e   Code   RO         6197    i.HAL_UART_RxCpltCallback  main.o
    0x08003c66   0x000000d8   Code   RO         5262    i.HAL_UART_Transmit  stm32f1xx_hal_uart.o
    0x08003d3e   0x00000002   Code   RO         5265    i.HAL_UART_TxCpltCallback  stm32f1xx_hal_uart.o
    0x08003d40   0x00000002   Code   RO         6335    i.HardFault_Handler  stm32f1xx_it.o
    0x08003d42   0x00000002   PAD
    0x08003d44   0x0000003c   Code   RO         6940    i.Hex2oct_LSB       hextodec.o
    0x08003d80   0x0000003c   Code   RO         6941    i.Hex2oct_MD1       hextodec.o
    0x08003dbc   0x0000003c   Code   RO         6942    i.Hex2oct_MD2       hextodec.o
    0x08003df8   0x0000003c   Code   RO         6943    i.Hex2oct_MSB       hextodec.o
    0x08003e34   0x0000000c   Code   RO         6336    i.I2C1_ER_IRQHandler  stm32f1xx_it.o
    0x08003e40   0x0000000c   Code   RO         6337    i.I2C1_EV_IRQHandler  stm32f1xx_it.o
    0x08003e4c   0x00000040   Code   RO         6848    i.I2C_Ack           bsp_eeprom.o
    0x08003e8c   0x00000020   Code   RO         6849    i.I2C_CheckDevice   bsp_eeprom.o
    0x08003eac   0x00000048   Code   RO         2765    i.I2C_Configure_Speed  stm32f1xx_hal_i2c.o
    0x08003ef4   0x0000000c   Code   RO         6850    i.I2C_Delay         bsp_eeprom.o
    0x08003f00   0x0000004c   Code   RO         6851    i.I2C_InitGPIO      bsp_eeprom.o
    0x08003f4c   0x00000094   Code   RO         2774    i.I2C_MasterReceive_BTF  stm32f1xx_hal_i2c.o
    0x08003fe0   0x00000068   Code   RO         2775    i.I2C_MasterReceive_RXNE  stm32f1xx_hal_i2c.o
    0x08004048   0x0000004e   Code   RO         2778    i.I2C_MasterTransmit_BTF  stm32f1xx_hal_i2c.o
    0x08004096   0x00000026   Code   RO         2779    i.I2C_MasterTransmit_TXE  stm32f1xx_hal_i2c.o
    0x080040bc   0x00000038   Code   RO         6852    i.I2C_NAck          bsp_eeprom.o
    0x080040f4   0x00000048   Code   RO         6853    i.I2C_ReadByte      bsp_eeprom.o
    0x0800413c   0x00000064   Code   RO         6854    i.I2C_SendByte      bsp_eeprom.o
    0x080041a0   0x0000001c   Code   RO         2782    i.I2C_SlaveReceive_BTF  stm32f1xx_hal_i2c.o
    0x080041bc   0x0000001c   Code   RO         2783    i.I2C_SlaveReceive_RXNE  stm32f1xx_hal_i2c.o
    0x080041d8   0x0000001c   Code   RO         2784    i.I2C_SlaveTransmit_BTF  stm32f1xx_hal_i2c.o
    0x080041f4   0x0000001c   Code   RO         2785    i.I2C_SlaveTransmit_TXE  stm32f1xx_hal_i2c.o
    0x08004210   0x0000000e   Code   RO         2786    i.I2C_Slave_ADDR    stm32f1xx_hal_i2c.o
    0x0800421e   0x0000002e   Code   RO         2787    i.I2C_Slave_AF      stm32f1xx_hal_i2c.o
    0x0800424c   0x00000032   Code   RO         2788    i.I2C_Slave_STOPF   stm32f1xx_hal_i2c.o
    0x0800427e   0x00000002   PAD
    0x08004280   0x00000040   Code   RO         6855    i.I2C_Start         bsp_eeprom.o
    0x080042c0   0x00000030   Code   RO         6856    i.I2C_Stop          bsp_eeprom.o
    0x080042f0   0x00000048   Code   RO         6857    i.I2C_WaitAck       bsp_eeprom.o
    0x08004338   0x000000ae   Code   RO         2790    i.I2C_WaitOnFlagUntilTimeout  stm32f1xx_hal_i2c.o
    0x080043e6   0x00000002   PAD
    0x080043e8   0x00000038   Code   RO         6721    i.KEY1_StateRead    bsp_key.o
    0x08004420   0x0000003c   Code   RO         6722    i.KEY2_StateRead    bsp_key.o
    0x0800445c   0x00000038   Code   RO         6723    i.KEY3_StateRead    bsp_key.o
    0x08004494   0x00000078   Code   RO         6724    i.KEY_GPIO_Init     bsp_key.o
    0x0800450c   0x0000006c   Code   RO         6992    i.LAMP_Read_BrightValue  bsp_lamp.o
    0x08004578   0x000000a8   Code   RO         6993    i.LAMP_Save_BrightValue  bsp_lamp.o
    0x08004620   0x0000009c   Code   RO         6505    i.LED_GPIO_Init     bsp_led.o
    0x080046bc   0x00000034   Code   RO         7217    i.MX_I2C_EEPROM_Init  bsp_i2c.o
    0x080046f0   0x00000016   Code   RO         6448    i.MX_NVIC_USARTx_Init  bsp_usartx.o
    0x08004706   0x00000002   PAD
    0x08004708   0x00000048   Code   RO         6449    i.MX_USARTx_Init    bsp_usartx.o
    0x08004750   0x00000002   Code   RO         6338    i.MemManage_Handler  stm32f1xx_it.o
    0x08004752   0x00000002   PAD
    0x08004754   0x000000b0   Code   RO         6549    i.Motor_Save_EndPosition  drv8825.o
    0x08004804   0x00000002   Code   RO         6339    i.NMI_Handler       stm32f1xx_it.o
    0x08004806   0x00000020   Code   RO         1089    i.NVIC_SetPriority  stm32f1xx_hal_cortex.o
    0x08004826   0x00000002   PAD
    0x08004828   0x00000050   Code   RO         6550    i.PC_A2_DRV8825_ReadSpeed  drv8825.o
    0x08004878   0x00000078   Code   RO         6551    i.PC_A2_Pulse_EEPROM_Value  drv8825.o
    0x080048f0   0x00000070   Code   RO         6552    i.PC_DRV8825_ReadSpeed  drv8825.o
    0x08004960   0x0000000c   Code   RO         6340    i.SPI1_IRQHandler   stm32f1xx_it.o
    0x0800496c   0x00000120   Code   RO         7178    i.SPI_COMM_Function  spi_comm.o
    0x08004a8c   0x000000d6   Code   RO         4879    i.SPI_WaitOnFlagUntilTimeout  stm32f1xx_hal_spi.o
    0x08004b62   0x00000002   PAD
    0x08004b64   0x00000048   Code   RO         7133    i.SPIx_Init         bsp_spi.o
    0x08004bac   0x0000007c   Code   RO         6768    i.STEPMOTOR_AxisMoveAbs  bsp_stepmotor.o
    0x08004c28   0x00000134   Code   RO         6769    i.STEPMOTOR_AxisMoveRel  bsp_stepmotor.o
    0x08004d5c   0x000000ac   Code   RO         6770    i.STEPMOTOR_GPIO_Init  bsp_stepmotor.o
    0x08004e08   0x0000008c   Code   RO         6771    i.STEPMOTOR_PC_AxisMoveAbs  bsp_stepmotor.o
    0x08004e94   0x000000b8   Code   RO         6772    i.STEPMOTOR_TIMx_Init  bsp_stepmotor.o
    0x08004f4c   0x000000f4   Code   RO         6555    i.Set_NewOrigin_Position  drv8825.o
    0x08005040   0x0000000e   Code   RO         6341    i.SysTick_Handler   stm32f1xx_it.o
    0x0800504e   0x0000005c   Code   RO         6198    i.SystemClock_Config  main.o
    0x080050aa   0x00000002   PAD
    0x080050ac   0x00000048   Code   RO           14    i.SystemInit        system_stm32f1xx.o
    0x080050f4   0x00000120   Code   RO         6773    i.TIM1_CC_IRQHandler  bsp_stepmotor.o
    0x08005214   0x00000088   Code   RO          304    i.TIM_Base_SetConfig  stm32f1xx_hal_tim.o
    0x0800529c   0x00000016   Code   RO          305    i.TIM_CCxChannelCmd  stm32f1xx_hal_tim.o
    0x080052b2   0x00000014   Code   RO          311    i.TIM_ETR_SetConfig  stm32f1xx_hal_tim.o
    0x080052c6   0x00000010   Code   RO          312    i.TIM_ITRx_SetConfig  stm32f1xx_hal_tim.o
    0x080052d6   0x00000002   PAD
    0x080052d8   0x00000068   Code   RO          313    i.TIM_OC1_SetConfig  stm32f1xx_hal_tim.o
    0x08005340   0x00000074   Code   RO          314    i.TIM_OC2_SetConfig  stm32f1xx_hal_tim.o
    0x080053b4   0x00000070   Code   RO          315    i.TIM_OC3_SetConfig  stm32f1xx_hal_tim.o
    0x08005424   0x00000054   Code   RO          316    i.TIM_OC4_SetConfig  stm32f1xx_hal_tim.o
    0x08005478   0x00000022   Code   RO          318    i.TIM_TI1_ConfigInputStage  stm32f1xx_hal_tim.o
    0x0800549a   0x00000024   Code   RO          320    i.TIM_TI2_ConfigInputStage  stm32f1xx_hal_tim.o
    0x080054be   0x0000002a   Code   RO         5272    i.UART_EndTransmit_IT  stm32f1xx_hal_uart.o
    0x080054e8   0x000000b0   Code   RO         5273    i.UART_Receive_IT   stm32f1xx_hal_uart.o
    0x08005598   0x0000010c   Code   RO         5274    i.UART_SetConfig    stm32f1xx_hal_uart.o
    0x080056a4   0x0000006a   Code   RO         5275    i.UART_Transmit_IT  stm32f1xx_hal_uart.o
    0x0800570e   0x000000c6   Code   RO         5276    i.UART_WaitOnFlagUntilTimeout  stm32f1xx_hal_uart.o
    0x080057d4   0x0000000c   Code   RO         6342    i.USART1_IRQHandler  stm32f1xx_it.o
    0x080057e0   0x00000002   Code   RO         6343    i.UsageFault_Handler  stm32f1xx_it.o
    0x080057e2   0x00000002   PAD
    0x080057e4   0x00000020   Code   RO         7621    i.__0printf         mc_w.l(printfa.o)
    0x08005804   0x0000000e   Code   RO         7703    i.__scatterload_copy  mc_w.l(handlers.o)
    0x08005812   0x00000002   Code   RO         7704    i.__scatterload_null  mc_w.l(handlers.o)
    0x08005814   0x0000000e   Code   RO         7705    i.__scatterload_zeroinit  mc_w.l(handlers.o)
    0x08005822   0x00000002   PAD
    0x08005824   0x00000164   Code   RO         7628    i._fp_digits        mc_w.l(printfa.o)
    0x08005988   0x000006dc   Code   RO         7629    i._printf_core      mc_w.l(printfa.o)
    0x08006064   0x00000024   Code   RO         7630    i._printf_post_padding  mc_w.l(printfa.o)
    0x08006088   0x0000002e   Code   RO         7631    i._printf_pre_padding  mc_w.l(printfa.o)
    0x080060b6   0x00000002   PAD
    0x080060b8   0x00000018   Code   RO         6451    i.fputc             bsp_usartx.o
    0x080060d0   0x00000318   Code   RO         6199    i.main              main.o
    0x080063e8   0x00000010   Data   RO         1629    .constdata          stm32f1xx_hal_rcc.o
    0x080063f8   0x00000010   Data   RO         6945    .constdata          hextodec.o
    0x08006408   0x00000020   Data   RO         7701    Region$$Table       anon$$obj.o


    Execution Region RW_IRAM1 (Base: 0x20000000, Size: 0x000014b8, Max: 0x00005000, ABSOLUTE)

    Base Addr    Size         Type   Attr      Idx    E Section Name        Object

    0x20000000   0x00000004   Data   RW           16    .data               system_stm32f1xx.o
    0x20000004   0x00000004   Data   RW          959    .data               stm32f1xx_hal.o
    0x20000008   0x00000001   Data   RW         5087    .data               stm32f1xx_hal_spi_ex.o
    0x20000009   0x00000001   PAD
    0x2000000a   0x00000014   Data   RW         6202    .data               main.o
    0x2000001e   0x00000002   PAD
    0x20000020   0x00000008   Data   RW         6556    .data               drv8825.o
    0x20000028   0x00000001   Data   RW         6687    .data               bsp_generaltim.o
    0x20000029   0x00000003   PAD
    0x2000002c   0x0000001c   Data   RW         6777    .data               bsp_stepmotor.o
    0x20000048   0x00000001   Data   RW         6780    .data               bsp_stepmotor.o
    0x20000049   0x0000000f   Data   RW         7181    .data               spi_comm.o
    0x20000058   0x00000004   Data   RW         7675    .data               mc_w.l(stdout.o)
    0x2000005c   0x00000100   Zero   RW         6200    .bss                main.o
    0x2000015c   0x00000040   Zero   RW         6452    .bss                bsp_usartx.o
    0x2000019c   0x0000003c   Zero   RW         6686    .bss                bsp_generaltim.o
    0x200001d8   0x00000048   Zero   RW         6774    .bss                bsp_stepmotor.o
    0x20000220   0x00000100   Zero   RW         6775    .bss                bsp_stepmotor.o
    0x20000320   0x00000100   Zero   RW         6776    .bss                bsp_stepmotor.o
    0x20000420   0x00000058   Zero   RW         7134    .bss                bsp_spi.o
    0x20000478   0x0000003c   Zero   RW         7218    .bss                bsp_i2c.o
    0x200004b4   0x00000004   PAD
    0x200004b8   0x00001000   Zero   RW            1    STACK               startup_stm32f103xe.o


==============================================================================

Image component sizes


      Code (inc. data)   RO Data    RW Data    ZI Data      Debug   Object Name

      1804        134          0          0          0       5799   a1_fun.o
       630         36          0          0          0       6944   bsp_ds18b20.o
       838         50          0          0          0       7318   bsp_eeprom.o
       180         26          0          1         60       1813   bsp_generaltim.o
       156         22          0          0         60       1613   bsp_i2c.o
       292         28          0          0          0       2503   bsp_key.o
       360         96          0          0          0       1843   bsp_lamp.o
       156         10          0          0          0        888   bsp_led.o
       236         24          0          0         88       1657   bsp_spi.o
      1284        150          0         29        584       9355   bsp_stepmotor.o
       206         28          0          0         64       2506   bsp_usartx.o
      2056        460          0          8          0      12696   drv8825.o
       644        190         16          0          0       4231   hextodec.o
      2154        346          0         20        256      10328   main.o
       288        170          0         15          0       1707   spi_comm.o
        36          8        304          0       4096        776   startup_stm32f103xe.o
       120         16          0          4          0       3410   stm32f1xx_hal.o
       232         14          0          0          0      27249   stm32f1xx_hal_cortex.o
       556         40          0          0          0       3559   stm32f1xx_hal_gpio.o
      1680         20          0          0          0      15170   stm32f1xx_hal_i2c.o
        92          6          0          0          0        790   stm32f1xx_hal_msp.o
      2684         82         16          0          0       6716   stm32f1xx_hal_rcc.o
       800          0          0          0          0       3816   stm32f1xx_hal_spi.o
       140          6          0          1          0       1282   stm32f1xx_hal_spi_ex.o
      1796         92          0          0          0      14949   stm32f1xx_hal_tim.o
       146          0          0          0          0       1860   stm32f1xx_hal_tim_ex.o
      1408          4          0          0          0       8363   stm32f1xx_hal_uart.o
        74         24          0          0          0       4419   stm32f1xx_it.o
        72         16          0          4          0     299061   system_stm32f1xx.o

    ----------------------------------------------------------------------
     21164       2098        368         88       5212     462621   Object Totals
         0          0         32          0          0          0   (incl. Generated)
        44          0          0          6          4          0   (incl. Padding)

    ----------------------------------------------------------------------

      Code (inc. data)   RO Data    RW Data    ZI Data      Debug   Library Member Name

         0          0          0          0          0          0   entry.o
         0          0          0          0          0          0   entry10a.o
         0          0          0          0          0          0   entry11a.o
         8          4          0          0          0          0   entry2.o
         4          0          0          0          0          0   entry5.o
         0          0          0          0          0          0   entry7b.o
         0          0          0          0          0          0   entry8b.o
         8          4          0          0          0          0   entry9a.o
        30          0          0          0          0          0   handlers.o
        36          8          0          0          0         68   init.o
         0          0          0          0          0          0   iusefp.o
        30          0          0          0          0         68   llshl.o
        36          0          0          0          0         68   llsshr.o
        32          0          0          0          0         68   llushr.o
        36          0          0          0          0         68   memcpya.o
      2226         90          0          0          0        444   printfa.o
         0          0          0          4          0          0   stdout.o
        14          0          0          0          0         68   strlen.o
        44          0          0          0          0         80   uidiv.o
        98          0          0          0          0         92   uldiv.o
        48          0          0          0          0         68   cdrcmple.o
        56          0          0          0          0         88   d2f.o
       334          0          0          0          0        148   dadd.o
       222          0          0          0          0        100   ddiv.o
       186          0          0          0          0        176   depilogue.o
        48          0          0          0          0         68   dfixul.o
        34          0          0          0          0         76   dflti.o
       228          0          0          0          0         96   dmul.o
        46          0          0          0          0         80   dscalb.o
        38          0          0          0          0         68   f2d.o
       110          0          0          0          0        168   fepilogue.o
        50          0          0          0          0         68   ffixi.o
       100          0          0          0          0         76   fmul.o

    ----------------------------------------------------------------------
      4108        106          0          4          0       2304   Library Totals
         6          0          0          0          0          0   (incl. Padding)

    ----------------------------------------------------------------------

      Code (inc. data)   RO Data    RW Data    ZI Data      Debug   Library Name

      2602        106          0          4          0       1024   mc_w.l
      1500          0          0          0          0       1280   mf_w.l

    ----------------------------------------------------------------------
      4108        106          0          4          0       2304   Library Totals

    ----------------------------------------------------------------------

==============================================================================


      Code (inc. data)   RO Data    RW Data    ZI Data      Debug   

     25272       2204        368         92       5212     454833   Grand Totals
     25272       2204        368         92       5212     454833   ELF Image Totals
     25272       2204        368         92          0          0   ROM Totals

==============================================================================

    Total RO  Size (Code + RO Data)                25640 (  25.04kB)
    Total RW  Size (RW Data + ZI Data)              5304 (   5.18kB)
    Total ROM Size (Code + RO Data + RW Data)      25732 (  25.13kB)

==============================================================================

